Archive member included to satisfy reference by file (symbol)

/home/users/aag/code/gcc-arm-none-eabi-7-2018-q2-update/bin/../lib/gcc/arm-none-eabi/7.3.1/../../../../arm-none-eabi/lib/thumb/v6-m/libstdc++_nano.a(new_op.o)
                              build/main.o (operator new(unsigned int))
/home/users/aag/code/gcc-arm-none-eabi-7-2018-q2-update/bin/../lib/gcc/arm-none-eabi/7.3.1/../../../../arm-none-eabi/lib/thumb/v6-m/libstdc++_nano.a(new_handler.o)
                              /home/users/aag/code/gcc-arm-none-eabi-7-2018-q2-update/bin/../lib/gcc/arm-none-eabi/7.3.1/../../../../arm-none-eabi/lib/thumb/v6-m/libstdc++_nano.a(new_op.o) (std::get_new_handler())
/home/users/aag/code/gcc-arm-none-eabi-7-2018-q2-update/bin/../lib/gcc/arm-none-eabi/7.3.1/../../../../arm-none-eabi/lib/thumb/v6-m/libstdc++_nano.a(del_ops.o)
                              build/main.o (operator delete(void*, unsigned int))
/home/users/aag/code/gcc-arm-none-eabi-7-2018-q2-update/bin/../lib/gcc/arm-none-eabi/7.3.1/../../../../arm-none-eabi/lib/thumb/v6-m/libstdc++_nano.a(functional.o)
                              build/main.o (std::__throw_bad_function_call())
/home/users/aag/code/gcc-arm-none-eabi-7-2018-q2-update/bin/../lib/gcc/arm-none-eabi/7.3.1/../../../../arm-none-eabi/lib/thumb/v6-m/libstdc++_nano.a(eh_exception.o)
                              /home/users/aag/code/gcc-arm-none-eabi-7-2018-q2-update/bin/../lib/gcc/arm-none-eabi/7.3.1/../../../../arm-none-eabi/lib/thumb/v6-m/libstdc++_nano.a(functional.o) (std::exception::~exception())
/home/users/aag/code/gcc-arm-none-eabi-7-2018-q2-update/bin/../lib/gcc/arm-none-eabi/7.3.1/../../../../arm-none-eabi/lib/thumb/v6-m/libstdc++_nano.a(del_op.o)
                              /home/users/aag/code/gcc-arm-none-eabi-7-2018-q2-update/bin/../lib/gcc/arm-none-eabi/7.3.1/../../../../arm-none-eabi/lib/thumb/v6-m/libstdc++_nano.a(del_ops.o) (operator delete(void*))
/home/users/aag/code/gcc-arm-none-eabi-7-2018-q2-update/bin/../lib/gcc/arm-none-eabi/7.3.1/../../../../arm-none-eabi/lib/thumb/v6-m/libstdc++_nano.a(pure.o)
                              /home/users/aag/code/gcc-arm-none-eabi-7-2018-q2-update/bin/../lib/gcc/arm-none-eabi/7.3.1/../../../../arm-none-eabi/lib/thumb/v6-m/libstdc++_nano.a(eh_exception.o) (__cxa_pure_virtual)
/home/users/aag/code/gcc-arm-none-eabi-7-2018-q2-update/bin/../lib/gcc/arm-none-eabi/7.3.1/../../../../arm-none-eabi/lib/thumb/v6-m/libstdc++_nano.a(eh_terminate.o)
                              /home/users/aag/code/gcc-arm-none-eabi-7-2018-q2-update/bin/../lib/gcc/arm-none-eabi/7.3.1/../../../../arm-none-eabi/lib/thumb/v6-m/libstdc++_nano.a(pure.o) (std::terminate())
/home/users/aag/code/gcc-arm-none-eabi-7-2018-q2-update/bin/../lib/gcc/arm-none-eabi/7.3.1/../../../../arm-none-eabi/lib/thumb/v6-m/libstdc++_nano.a(si_class_type_info.o)
                              /home/users/aag/code/gcc-arm-none-eabi-7-2018-q2-update/bin/../lib/gcc/arm-none-eabi/7.3.1/../../../../arm-none-eabi/lib/thumb/v6-m/libstdc++_nano.a(functional.o) (vtable for __cxxabiv1::__si_class_type_info)
/home/users/aag/code/gcc-arm-none-eabi-7-2018-q2-update/bin/../lib/gcc/arm-none-eabi/7.3.1/../../../../arm-none-eabi/lib/thumb/v6-m/libstdc++_nano.a(tinfo.o)
                              /home/users/aag/code/gcc-arm-none-eabi-7-2018-q2-update/bin/../lib/gcc/arm-none-eabi/7.3.1/../../../../arm-none-eabi/lib/thumb/v6-m/libstdc++_nano.a(si_class_type_info.o) (std::type_info::__is_pointer_p() const)
/home/users/aag/code/gcc-arm-none-eabi-7-2018-q2-update/bin/../lib/gcc/arm-none-eabi/7.3.1/../../../../arm-none-eabi/lib/thumb/v6-m/libstdc++_nano.a(class_type_info.o)
                              /home/users/aag/code/gcc-arm-none-eabi-7-2018-q2-update/bin/../lib/gcc/arm-none-eabi/7.3.1/../../../../arm-none-eabi/lib/thumb/v6-m/libstdc++_nano.a(si_class_type_info.o) (__cxxabiv1::__class_type_info::__do_upcast(__cxxabiv1::__class_type_info const*, void**) const)
/home/users/aag/code/gcc-arm-none-eabi-7-2018-q2-update/bin/../lib/gcc/arm-none-eabi/7.3.1/../../../../arm-none-eabi/lib/thumb/v6-m/libstdc++_nano.a(eh_term_handler.o)
                              /home/users/aag/code/gcc-arm-none-eabi-7-2018-q2-update/bin/../lib/gcc/arm-none-eabi/7.3.1/../../../../arm-none-eabi/lib/thumb/v6-m/libstdc++_nano.a(eh_terminate.o) (__cxxabiv1::__terminate_handler)
/home/users/aag/code/gcc-arm-none-eabi-7-2018-q2-update/bin/../lib/gcc/arm-none-eabi/7.3.1/../../../../arm-none-eabi/lib/thumb/v6-m/libstdc++_nano.a(eh_unex_handler.o)
                              /home/users/aag/code/gcc-arm-none-eabi-7-2018-q2-update/bin/../lib/gcc/arm-none-eabi/7.3.1/../../../../arm-none-eabi/lib/thumb/v6-m/libstdc++_nano.a(eh_terminate.o) (__cxxabiv1::__unexpected_handler)
/home/users/aag/code/gcc-arm-none-eabi-7-2018-q2-update/bin/../lib/gcc/arm-none-eabi/7.3.1/../../../../arm-none-eabi/lib/thumb/v6-m/libc_nano.a(lib_a-abort.o)
[...]
Memory Configuration

Name             Origin             Length             Attributes
RAM              0x0000000020000000 0x0000000000001000 xrw
FLASH            0x0000000008000000 0x0000000000008000 xr
*default*        0x0000000000000000 0xffffffffffffffff

Linker script and memory map

LOAD /home/users/aag/code/gcc-arm-none-eabi-7-2018-q2-update/bin/../lib/gcc/arm-none-eabi/7.3.1/thumb/v6-m/crti.o
LOAD /home/users/aag/code/gcc-arm-none-eabi-7-2018-q2-update/bin/../lib/gcc/arm-none-eabi/7.3.1/thumb/v6-m/crtbegin.o
LOAD /home/users/aag/code/gcc-arm-none-eabi-7-2018-q2-update/bin/../lib/gcc/arm-none-eabi/7.3.1/../../../../arm-none-eabi/lib/thumb/v6-m/crt0.o
LOAD build/main.o
LOAD build/startup_stm32f030x6.o
LOAD /home/users/aag/code/gcc-arm-none-eabi-7-2018-q2-update/bin/../lib/gcc/arm-none-eabi/7.3.1/../../../../arm-none-eabi/lib/thumb/v6-m/libnosys.a
LOAD /home/users/aag/code/gcc-arm-none-eabi-7-2018-q2-update/bin/../lib/gcc/arm-none-eabi/7.3.1/../../../../arm-none-eabi/lib/thumb/v6-m/libstdc++_nano.a
LOAD /home/users/aag/code/gcc-arm-none-eabi-7-2018-q2-update/bin/../lib/gcc/arm-none-eabi/7.3.1/../../../../arm-none-eabi/lib/thumb/v6-m/libm.a
LOAD /home/users/aag/code/gcc-arm-none-eabi-7-2018-q2-update/bin/../lib/gcc/arm-none-eabi/7.3.1/../../../../arm-none-eabi/lib/thumb/v6-m/libc_nano.a
START GROUP
LOAD /home/users/aag/code/gcc-arm-none-eabi-7-2018-q2-update/bin/../lib/gcc/arm-none-eabi/7.3.1/thumb/v6-m/libgcc.a
LOAD /home/users/aag/code/gcc-arm-none-eabi-7-2018-q2-update/bin/../lib/gcc/arm-none-eabi/7.3.1/../../../../arm-none-eabi/lib/thumb/v6-m/libc_nano.a
END GROUP
START GROUP
LOAD /home/users/aag/code/gcc-arm-none-eabi-7-2018-q2-update/bin/../lib/gcc/arm-none-eabi/7.3.1/thumb/v6-m/libgcc.a
LOAD /home/users/aag/code/gcc-arm-none-eabi-7-2018-q2-update/bin/../lib/gcc/arm-none-eabi/7.3.1/../../../../arm-none-eabi/lib/thumb/v6-m/libc_nano.a
LOAD /home/users/aag/code/gcc-arm-none-eabi-7-2018-q2-update/bin/../lib/gcc/arm-none-eabi/7.3.1/../../../../arm-none-eabi/lib/thumb/v6-m/libnosys.a
END GROUP
START GROUP
LOAD /home/users/aag/code/gcc-arm-none-eabi-7-2018-q2-update/bin/../lib/gcc/arm-none-eabi/7.3.1/thumb/v6-m/libgcc.a
LOAD /home/users/aag/code/gcc-arm-none-eabi-7-2018-q2-update/bin/../lib/gcc/arm-none-eabi/7.3.1/../../../../arm-none-eabi/lib/thumb/v6-m/libc_nano.a
LOAD /home/users/aag/code/gcc-arm-none-eabi-7-2018-q2-update/bin/../lib/gcc/arm-none-eabi/7.3.1/../../../../arm-none-eabi/lib/thumb/v6-m/libnosys.a
END GROUP
LOAD /home/users/aag/code/gcc-arm-none-eabi-7-2018-q2-update/bin/../lib/gcc/arm-none-eabi/7.3.1/thumb/v6-m/crtend.o
LOAD /home/users/aag/code/gcc-arm-none-eabi-7-2018-q2-update/bin/../lib/gcc/arm-none-eabi/7.3.1/thumb/v6-m/crtn.o
                0x0000000020001000                _estack = 0x20001000
                0x0000000000000200                _Min_Heap_Size = 0x200
                0x0000000000000400                _Min_Stack_Size = 0x400

.isr_vector     0x0000000008000000       0xc0
                0x0000000008000000                . = ALIGN (0x4)
 *(.isr_vector)
 .isr_vector    0x0000000008000000       0xc0 build/startup_stm32f030x6.o
                0x0000000008000000                g_pfnVectors
                0x00000000080000c0                . = ALIGN (0x4)

.text           0x00000000080000c0     0x16f4
                0x00000000080000c0                . = ALIGN (0x4)
 *(.text)
 .text          0x00000000080000c0       0x48 /home/users/aag/code/gcc-arm-none-eabi-7-2018-q2-update/bin/../lib/gcc/arm-none-eabi/7.3.1/thumb/v6-m/crtbegin.o
 .text          0x0000000008000108       0x14 /home/users/aag/code/gcc-arm-none-eabi-7-2018-q2-update/bin/../lib/gcc/arm-none-eabi/7.3.1/thumb/v6-m/libgcc.a(_thumb1_case_uqi.o)
                0x0000000008000108                __gnu_thumb1_case_uqi
 .text          0x000000000800011c      0x114 /home/users/aag/code/gcc-arm-none-eabi-7-2018-q2-update/bin/../lib/gcc/arm-none-eabi/7.3.1/thumb/v6-m/libgcc.a(_udivsi3.o)
                0x000000000800011c                __udivsi3
                0x000000000800011c                __aeabi_uidiv
                0x0000000008000228                __aeabi_uidivmod
 .text          0x0000000008000230        0x4 /home/users/aag/code/gcc-arm-none-eabi-7-2018-q2-update/bin/../lib/gcc/arm-none-eabi/7.3.1/thumb/v6-m/libgcc.a(_dvmd_tls.o)
                0x0000000008000230                __aeabi_ldiv0
                0x0000000008000230                __aeabi_idiv0
 *(.text*)
 .text.NVIC_EnableIRQ
                0x0000000008000234       0x14 build/main.o
 .text._ZN12Modbus_slaveIZ4mainE7In_regsZ4mainE8Out_regsE6notifyEv
                0x0000000008000248        0x8 build/main.o
 .text._ZNSt14_Function_base13_Base_managerIZ4mainEUltE_E10_M_managerERSt9_Any_dataRKS3_St18_Manager_operation
                0x0000000008000250       0x40 build/main.o
 .text._ZN9Interrupt9interruptEv.isra.11
                0x0000000008000290       0x16 build/main.o
 .text._ZNSt14_Function_baseD2Ev
                0x00000000080002a6       0x14 build/main.o
                0x00000000080002a6                std::_Function_base::~_Function_base()
                0x00000000080002a6                std::_Function_base::~_Function_base()
 *fill*         0x00000000080002ba        0x2 
 .text.SysTick_Handler
                0x00000000080002bc       0x1c build/main.o
                0x00000000080002bc                SysTick_Handler
 .text._ZN14TickSubscriber16tick_unsubscribeEv
                0x00000000080002d8       0x40 build/main.o
                0x00000000080002d8                TickSubscriber::tick_unsubscribe()
 .text._ZN14TickSubscriber14tick_subscribeEv
                0x0000000008000318       0x28 build/main.o
                0x0000000008000318                TickSubscriber::tick_subscribe()
 .text._ZN12Modbus_slaveIZ4mainE7In_regsZ4mainE8Out_regsE14uart_interrupt9interruptEv
                0x0000000008000340       0x30 build/main.o
 .text._ZN3Pin6is_setEv
                0x0000000008000370       0x14 build/main.o
                0x0000000008000370                Pin::is_set()
 .text._ZN3PinaSEb
                0x0000000008000384       0x18 build/main.o
                0x0000000008000384                Pin::operator=(bool)
 .text._ZNSt17_Function_handlerIFvjEZ4mainEUltE_E9_M_invokeERKSt9_Any_dataOj
                0x000000000800039c       0xec build/main.o
 .text._ZN3mcu5USART3setENS0_8BaudrateENS_6PeriphE
                0x0000000008000488       0x88 build/main.o
                0x0000000008000488                mcu::USART::set(mcu::USART::Baudrate, mcu::Periph)
 .text._ZN3mcu3DMA30is_transfer_complete_interruptENS0_7ChannelE
                0x0000000008000510       0x16 build/main.o
                0x0000000008000510                mcu::DMA::is_transfer_complete_interrupt(mcu::DMA::Channel)
 *fill*         0x0000000008000526        0x2 
 .text.DMA1_Channel1_IRQHandler
                0x0000000008000528       0x20 build/main.o
                0x0000000008000528                DMA1_Channel1_IRQHandler
 .text.DMA1_Channel2_3_IRQHandler
                0x0000000008000548       0x34 build/main.o
                0x0000000008000548                DMA1_Channel2_3_IRQHandler
 .text.DMA1_Channel4_5_IRQHandler
                0x000000000800057c        0x2 build/main.o
                0x000000000800057c                DMA1_Channel4_5_IRQHandler
 .text.TIM1_CC_IRQHandler
                0x000000000800057e        0x2 build/main.o
                0x000000000800057e                TIM1_CC_IRQHandler
 .text.TIM3_IRQHandler
                0x0000000008000580        0x2 build/main.o
                0x0000000008000580                TIM3_IRQHandler
 .text.TIM14_IRQHandler
                0x0000000008000582        0x2 build/main.o
                0x0000000008000582                TIM14_IRQHandler
 .text.TIM16_IRQHandler
                0x0000000008000584        0x2 build/main.o
                0x0000000008000584                TIM16_IRQHandler
 .text.TIM17_IRQHandler
                0x0000000008000586        0x2 build/main.o
                0x0000000008000586                TIM17_IRQHandler
 .text.USART1_IRQHandler
                0x0000000008000588       0x1c build/main.o
                0x0000000008000588                USART1_IRQHandler
 .text.init_clock
                0x00000000080005a4       0x64 build/main.o
                0x00000000080005a4                init_clock
 .text._ZN10UART_sizedILj255EE4makeILN3mcu6PeriphE6ENS2_4Pin_ILS3_1ELi9EEENS4_ILS3_1ELi10EEENS4_ILS3_1ELi8EEEEERDav
                0x0000000008000608      0x1fc build/main.o
                0x0000000008000608                auto& UART_sized<255u>::make<(mcu::Periph)6, mcu::Pin_<(mcu::Periph)1, 9>, mcu::Pin_<(mcu::Periph)1, 10>, mcu::Pin_<(mcu::Periph)1, 8> >()
 .text._Z9make_pinsILN3mcu7PinModeE1EJNS0_4Pin_ILNS0_6PeriphE2ELi0EEENS2_ILS3_1ELi7EEENS2_ILS3_1ELi6EEENS2_ILS3_1ELi5EEENS2_ILS3_2ELi5EEENS2_ILS3_2ELi4EEENS2_ILS3_2ELi3EEENS2_ILS3_1ELi15EEEEEN4meta19tuple_generate_implIR3PinNSt22_Make_integer_sequenceIjXsZT0_ENSt18_Build_index_tupleIXsZT0_EE6__typeEE6__typeEE4typeEv
                0x0000000008000804      0x20c build/main.o
                0x0000000008000804                meta::tuple_generate_impl<Pin&, std::_Make_integer_sequence<unsigned int, 8, std::_Build_index_tuple<8>::__type>::__type>::type make_pins<(mcu::PinMode)1, mcu::Pin_<(mcu::Periph)2, 0>, mcu::Pin_<(mcu::Periph)1, 7>, mcu::Pin_<(mcu::Periph)1, 6>, mcu::Pin_<(mcu::Periph)1, 5>, mcu::Pin_<(mcu::Periph)2, 5>, mcu::Pin_<(mcu::Periph)2, 4>, mcu::Pin_<(mcu::Periph)2, 3>, mcu::Pin_<(mcu::Periph)1, 15> >()
                0x0000000008000804                meta::tuple_generate_impl<Pin&, std::_Make_integer_sequence<unsigned int, sizeof (mcu::Pin_<(mcu::Periph)2, 0>, mcu::Pin_<(mcu::Periph)1, 7>, mcu::Pin_<(mcu::Periph)1, 6>, mcu::Pin_<(mcu::Periph)1, 5>, mcu::Pin_<(mcu::Periph)2, 5>, mcu::Pin_<(mcu::Periph)2, 4>, mcu::Pin_<(mcu::Periph)2, 3>, mcu::Pin_<(mcu::Periph)1, 15>), std::_Build_index_tuple<sizeof (mcu::Pin_<(mcu::Periph)2, 0>, mcu::Pin_<(mcu::Periph)1, 7>, mcu::Pin_<(mcu::Periph)1, 6>, mcu::Pin_<(mcu::Periph)1, 5>, mcu::Pin_<(mcu::Periph)2, 5>, mcu::Pin_<(mcu::Periph)2, 4>, mcu::Pin_<(mcu::Periph)2, 3>, mcu::Pin_<(mcu::Periph)1, 15>)>::__type>::__type>::type make_pins<(mcu::PinMode)1, mcu::Pin_<(mcu::Periph)2, 0>, mcu::Pin_<(mcu::Periph)1, 7>, mcu::Pin_<(mcu::Periph)1, 6>, mcu::Pin_<(mcu::Periph)1, 5>, mcu::Pin_<(mcu::Periph)2, 5>, mcu::Pin_<(mcu::Periph)2, 4>, mcu::Pin_<(mcu::Periph)2, 3>, mcu::Pin_<(mcu::Periph)1, 15> >()
 .text._Z9make_pinsILN3mcu7PinModeE0EJNS0_4Pin_ILNS0_6PeriphE1ELi9EEENS2_ILS3_1ELi8EEENS2_ILS3_2ELi15EEENS2_ILS3_2ELi14EEENS2_ILS3_2ELi13EEENS2_ILS3_2ELi12EEENS2_ILS3_2ELi11EEENS2_ILS3_2ELi10EEENS2_ILS3_2ELi2EEENS2_ILS3_2ELi1EEEEEN4meta19tuple_generate_implIR3PinNSt22_Make_integer_sequenceIjXsZT0_ENSt18_Build_index_tupleIXsZT0_EE6__typeEE6__typeEE4typeEv
                0x0000000008000a10      0x248 build/main.o
                0x0000000008000a10                meta::tuple_generate_impl<Pin&, std::_Make_integer_sequence<unsigned int, sizeof (mcu::Pin_<(mcu::Periph)1, 9>, mcu::Pin_<(mcu::Periph)1, 8>, mcu::Pin_<(mcu::Periph)2, 15>, mcu::Pin_<(mcu::Periph)2, 14>, mcu::Pin_<(mcu::Periph)2, 13>, mcu::Pin_<(mcu::Periph)2, 12>, mcu::Pin_<(mcu::Periph)2, 11>, mcu::Pin_<(mcu::Periph)2, 10>, mcu::Pin_<(mcu::Periph)2, 2>, mcu::Pin_<(mcu::Periph)2, 1>), std::_Build_index_tuple<sizeof (mcu::Pin_<(mcu::Periph)1, 9>, mcu::Pin_<(mcu::Periph)1, 8>, mcu::Pin_<(mcu::Periph)2, 15>, mcu::Pin_<(mcu::Periph)2, 14>, mcu::Pin_<(mcu::Periph)2, 13>, mcu::Pin_<(mcu::Periph)2, 12>, mcu::Pin_<(mcu::Periph)2, 11>, mcu::Pin_<(mcu::Periph)2, 10>, mcu::Pin_<(mcu::Periph)2, 2>, mcu::Pin_<(mcu::Periph)2, 1>)>::__type>::__type>::type make_pins<(mcu::PinMode)0, mcu::Pin_<(mcu::Periph)1, 9>, mcu::Pin_<(mcu::Periph)1, 8>, mcu::Pin_<(mcu::Periph)2, 15>, mcu::Pin_<(mcu::Periph)2, 14>, mcu::Pin_<(mcu::Periph)2, 13>, mcu::Pin_<(mcu::Periph)2, 12>, mcu::Pin_<(mcu::Periph)2, 11>, mcu::Pin_<(mcu::Periph)2, 10>, mcu::Pin_<(mcu::Periph)2, 2>, mcu::Pin_<(mcu::Periph)2, 1> >()
                0x0000000008000a10                meta::tuple_generate_impl<Pin&, std::_Make_integer_sequence<unsigned int, 10, std::_Build_index_tuple<10>::__type>::__type>::type make_pins<(mcu::PinMode)0, mcu::Pin_<(mcu::Periph)1, 9>, mcu::Pin_<(mcu::Periph)1, 8>, mcu::Pin_<(mcu::Periph)2, 15>, mcu::Pin_<(mcu::Periph)2, 14>, mcu::Pin_<(mcu::Periph)2, 13>, mcu::Pin_<(mcu::Periph)2, 12>, mcu::Pin_<(mcu::Periph)2, 11>, mcu::Pin_<(mcu::Periph)2, 10>, mcu::Pin_<(mcu::Periph)2, 2>, mcu::Pin_<(mcu::Periph)2, 1> >()
 .text._ZN10UART_sizedILj255EE7receiveEv
                0x0000000008000c58       0x4c build/main.o
                0x0000000008000c58                UART_sized<255u>::receive()
 .text._ZN12Modbus_slaveIZ4mainE7In_regsZ4mainE8Out_regsE13dma_interrupt9interruptEv
                0x0000000008000ca4       0x1c build/main.o
 .text._Z5CRC16IPhEDaT_S1_
                0x0000000008000cc0       0x28 build/main.o
                0x0000000008000cc0                auto CRC16<unsigned char*>(unsigned char*, unsigned char*)
 .text._ZN10Net_bufferILj255EE9pop_frontEv
                0x0000000008000ce8       0x1a build/main.o
                0x0000000008000ce8                Net_buffer<255u>::pop_front()
 .text._ZN10Net_bufferILj255EElsEh
                0x0000000008000d02       0x14 build/main.o
                0x0000000008000d02                Net_buffer<255u>::operator<<(unsigned char)
 .text._ZN10Net_bufferILj255EElsEt
                0x0000000008000d16       0x16 build/main.o
                0x0000000008000d16                Net_buffer<255u>::operator<<(unsigned short)
 .text._ZN10UART_sizedILj255EE8transmitEv
                0x0000000008000d2c       0x58 build/main.o
                0x0000000008000d2c                UART_sized<255u>::transmit()
 .text._ZN12Modbus_slaveIZ4mainE7In_regsZ4mainE8Out_regsE12answer_errorE17Modbus_error_code
                0x0000000008000d84       0x7a build/main.o
 .text._ZN10Net_bufferILj255EErsERt
                0x0000000008000dfe       0x32 build/main.o
                0x0000000008000dfe                Net_buffer<255u>::operator>>(unsigned short&)
 .text.startup.main
                0x0000000008000e30      0x57c build/main.o
                0x0000000008000e30                main
 .text.startup._GLOBAL__sub_I__ZN3mcu5FLASH6unlockEv
                0x00000000080013ac       0x7c build/main.o
 .text.Reset_Handler
                0x0000000008001428       0x50 build/startup_stm32f030x6.o
                0x0000000008001428                Reset_Handler
 .text.Default_Handler
                0x0000000008001478        0x2 build/startup_stm32f030x6.o
                0x0000000008001478                HardFault_Handler
                0x0000000008001478                PendSV_Handler
                0x0000000008001478                NMI_Handler
                0x0000000008001478                I2C1_IRQHandler
                0x0000000008001478                SPI1_IRQHandler
                0x0000000008001478                EXTI2_3_IRQHandler
                0x0000000008001478                ADC1_IRQHandler
                0x0000000008001478                RTC_IRQHandler
                0x0000000008001478                EXTI4_15_IRQHandler
                0x0000000008001478                RCC_IRQHandler
                0x0000000008001478                Default_Handler
                0x0000000008001478                EXTI0_1_IRQHandler
                0x0000000008001478                SVC_Handler
                0x0000000008001478                WWDG_IRQHandler
                0x0000000008001478                FLASH_IRQHandler
                0x0000000008001478                TIM1_BRK_UP_TRG_COM_IRQHandler
 .text._Znwj    0x000000000800147a       0x24 /home/users/aag/code/gcc-arm-none-eabi-7-2018-q2-update/bin/../lib/gcc/arm-none-eabi/7.3.1/../../../../arm-none-eabi/lib/thumb/v6-m/libstdc++_nano.a(new_op.o)
                0x000000000800147a                operator new(unsigned int)
 *fill*         0x000000000800149e        0x2 
 .text._ZSt15get_new_handlerv
                0x00000000080014a0        0xc /home/users/aag/code/gcc-arm-none-eabi-7-2018-q2-update/bin/../lib/gcc/arm-none-eabi/7.3.1/../../../../arm-none-eabi/lib/thumb/v6-m/libstdc++_nano.a(new_handler.o)
                0x00000000080014a0                std::get_new_handler()
 .text._ZdlPvj  0x00000000080014ac        0x8 /home/users/aag/code/gcc-arm-none-eabi-7-2018-q2-update/bin/../lib/gcc/arm-none-eabi/7.3.1/../../../../arm-none-eabi/lib/thumb/v6-m/libstdc++_nano.a(del_ops.o)
                0x00000000080014ac                operator delete(void*, unsigned int)
 .text._ZSt25__throw_bad_function_callv
                0x00000000080014b4        0x6 /home/users/aag/code/gcc-arm-none-eabi-7-2018-q2-update/bin/../lib/gcc/arm-none-eabi/7.3.1/../../../../arm-none-eabi/lib/thumb/v6-m/libstdc++_nano.a(functional.o)
                0x00000000080014b4                std::__throw_bad_function_call()
 .text._ZdlPv   0x00000000080014ba        0x8 /home/users/aag/code/gcc-arm-none-eabi-7-2018-q2-update/bin/../lib/gcc/arm-none-eabi/7.3.1/../../../../arm-none-eabi/lib/thumb/v6-m/libstdc++_nano.a(del_op.o)
                0x00000000080014ba                operator delete(void*)
 .text.abort    0x00000000080014c2        0xe /home/users/aag/code/gcc-arm-none-eabi-7-2018-q2-update/bin/../lib/gcc/arm-none-eabi/7.3.1/../../../../arm-none-eabi/lib/thumb/v6-m/libc_nano.a(lib_a-abort.o)
                0x00000000080014c2                abort
 .text.__libc_init_array
                0x00000000080014d0       0x48 /home/users/aag/code/gcc-arm-none-eabi-7-2018-q2-update/bin/../lib/gcc/arm-none-eabi/7.3.1/../../../../arm-none-eabi/lib/thumb/v6-m/libc_nano.a(lib_a-init.o)
                0x00000000080014d0                __libc_init_array
 .text.malloc   0x0000000008001518       0x14 /home/users/aag/code/gcc-arm-none-eabi-7-2018-q2-update/bin/../lib/gcc/arm-none-eabi/7.3.1/../../../../arm-none-eabi/lib/thumb/v6-m/libc_nano.a(lib_a-malloc.o)
                0x0000000008001518                malloc
 .text.free     0x000000000800152c       0x14 /home/users/aag/code/gcc-arm-none-eabi-7-2018-q2-update/bin/../lib/gcc/arm-none-eabi/7.3.1/../../../../arm-none-eabi/lib/thumb/v6-m/libc_nano.a(lib_a-malloc.o)
                0x000000000800152c                free
 .text.memset   0x0000000008001540       0x10 /home/users/aag/code/gcc-arm-none-eabi-7-2018-q2-update/bin/../lib/gcc/arm-none-eabi/7.3.1/../../../../arm-none-eabi/lib/thumb/v6-m/libc_nano.a(lib_a-memset.o)
                0x0000000008001540                memset
 .text._free_r  0x0000000008001550       0x94 /home/users/aag/code/gcc-arm-none-eabi-7-2018-q2-update/bin/../lib/gcc/arm-none-eabi/7.3.1/../../../../arm-none-eabi/lib/thumb/v6-m/libc_nano.a(lib_a-nano-freer.o)
                0x0000000008001550                _free_r
 .text._malloc_r
                0x00000000080015e4       0xbc /home/users/aag/code/gcc-arm-none-eabi-7-2018-q2-update/bin/../lib/gcc/arm-none-eabi/7.3.1/../../../../arm-none-eabi/lib/thumb/v6-m/libc_nano.a(lib_a-nano-mallocr.o)
                0x00000000080015e4                _malloc_r
 .text._sbrk_r  0x00000000080016a0       0x24 /home/users/aag/code/gcc-arm-none-eabi-7-2018-q2-update/bin/../lib/gcc/arm-none-eabi/7.3.1/../../../../arm-none-eabi/lib/thumb/v6-m/libc_nano.a(lib_a-sbrkr.o)
                0x00000000080016a0                _sbrk_r
 .text._raise_r
                0x00000000080016c4       0x54 /home/users/aag/code/gcc-arm-none-eabi-7-2018-q2-update/bin/../lib/gcc/arm-none-eabi/7.3.1/../../../../arm-none-eabi/lib/thumb/v6-m/libc_nano.a(lib_a-signal.o)
                0x00000000080016c4                _raise_r
 .text.raise    0x0000000008001718       0x14 /home/users/aag/code/gcc-arm-none-eabi-7-2018-q2-update/bin/../lib/gcc/arm-none-eabi/7.3.1/../../../../arm-none-eabi/lib/thumb/v6-m/libc_nano.a(lib_a-signal.o)
                0x0000000008001718                raise
 .text._kill_r  0x000000000800172c       0x24 /home/users/aag/code/gcc-arm-none-eabi-7-2018-q2-update/bin/../lib/gcc/arm-none-eabi/7.3.1/../../../../arm-none-eabi/lib/thumb/v6-m/libc_nano.a(lib_a-signalr.o)
                0x000000000800172c                _kill_r
 .text._getpid_r
                0x0000000008001750        0x8 /home/users/aag/code/gcc-arm-none-eabi-7-2018-q2-update/bin/../lib/gcc/arm-none-eabi/7.3.1/../../../../arm-none-eabi/lib/thumb/v6-m/libc_nano.a(lib_a-signalr.o)
                0x0000000008001750                _getpid_r
 .text.__malloc_lock
                0x0000000008001758        0x2 /home/users/aag/code/gcc-arm-none-eabi-7-2018-q2-update/bin/../lib/gcc/arm-none-eabi/7.3.1/../../../../arm-none-eabi/lib/thumb/v6-m/libc_nano.a(lib_a-mlock.o)
                0x0000000008001758                __malloc_lock
 .text.__malloc_unlock
                0x000000000800175a        0x2 /home/users/aag/code/gcc-arm-none-eabi-7-2018-q2-update/bin/../lib/gcc/arm-none-eabi/7.3.1/../../../../arm-none-eabi/lib/thumb/v6-m/libc_nano.a(lib_a-mlock.o)
                0x000000000800175a                __malloc_unlock
 .text._getpid  0x000000000800175c       0x10 /home/users/aag/code/gcc-arm-none-eabi-7-2018-q2-update/bin/../lib/gcc/arm-none-eabi/7.3.1/../../../../arm-none-eabi/lib/thumb/v6-m/libnosys.a(getpid.o)
                0x000000000800175c                _getpid
 .text._kill    0x000000000800176c       0x10 /home/users/aag/code/gcc-arm-none-eabi-7-2018-q2-update/bin/../lib/gcc/arm-none-eabi/7.3.1/../../../../arm-none-eabi/lib/thumb/v6-m/libnosys.a(kill.o)
                0x000000000800176c                _kill
 .text._sbrk    0x000000000800177c       0x1c /home/users/aag/code/gcc-arm-none-eabi-7-2018-q2-update/bin/../lib/gcc/arm-none-eabi/7.3.1/../../../../arm-none-eabi/lib/thumb/v6-m/libnosys.a(sbrk.o)
                0x000000000800177c                _sbrk
 .text._exit    0x0000000008001798        0x4 /home/users/aag/code/gcc-arm-none-eabi-7-2018-q2-update/bin/../lib/gcc/arm-none-eabi/7.3.1/../../../../arm-none-eabi/lib/thumb/v6-m/libnosys.a(_exit.o)
                0x0000000008001798                _exit
 *(.glue_7)
 .glue_7        0x000000000800179c        0x0 linker stubs
 *(.glue_7t)
 .glue_7t       0x000000000800179c        0x0 linker stubs
 *(.eh_frame)
 .eh_frame      0x000000000800179c        0x0 /home/users/aag/code/gcc-arm-none-eabi-7-2018-q2-update/bin/../lib/gcc/arm-none-eabi/7.3.1/thumb/v6-m/crtbegin.o
 *(.init)
 .init          0x000000000800179c        0x4 /home/users/aag/code/gcc-arm-none-eabi-7-2018-q2-update/bin/../lib/gcc/arm-none-eabi/7.3.1/thumb/v6-m/crti.o
                0x000000000800179c                _init
 .init          0x00000000080017a0        0x8 /home/users/aag/code/gcc-arm-none-eabi-7-2018-q2-update/bin/../lib/gcc/arm-none-eabi/7.3.1/thumb/v6-m/crtn.o
 *(.fini)
 .fini          0x00000000080017a8        0x4 /home/users/aag/code/gcc-arm-none-eabi-7-2018-q2-update/bin/../lib/gcc/arm-none-eabi/7.3.1/thumb/v6-m/crti.o
                0x00000000080017a8                _fini
 .fini          0x00000000080017ac        0x8 /home/users/aag/code/gcc-arm-none-eabi-7-2018-q2-update/bin/../lib/gcc/arm-none-eabi/7.3.1/thumb/v6-m/crtn.o
                0x00000000080017b4                . = ALIGN (0x4)
                0x00000000080017b4                _etext = .

.vfp11_veneer   0x00000000080017b4        0x0
 .vfp11_veneer  0x00000000080017b4        0x0 linker stubs

.v4_bx          0x00000000080017b4        0x0
 .v4_bx         0x00000000080017b4        0x0 linker stubs

.iplt           0x00000000080017b4        0x0
 .iplt          0x00000000080017b4        0x0 /home/users/aag/code/gcc-arm-none-eabi-7-2018-q2-update/bin/../lib/gcc/arm-none-eabi/7.3.1/thumb/v6-m/crtbegin.o

.rodata         0x00000000080017b4      0x224
                0x00000000080017b4                . = ALIGN (0x4)
 *(.rodata)
 *(.rodata*)
 .rodata._ZL13crc_low_table
                0x00000000080017b4      0x100 build/main.o
 .rodata._ZL14crc_high_table
                0x00000000080018b4      0x100 build/main.o
 .rodata._ZTV12Modbus_slaveIZ4mainE7In_regsZ4mainE8Out_regsE
                0x00000000080019b4        0xc build/main.o
 .rodata._ZTVN12Modbus_slaveIZ4mainE7In_regsZ4mainE8Out_regsE13dma_interruptE
                0x00000000080019c0        0xc build/main.o
 .rodata._ZTVN12Modbus_slaveIZ4mainE7In_regsZ4mainE8Out_regsE14uart_interruptE
                0x00000000080019cc        0xc build/main.o
                0x00000000080019d8                . = ALIGN (0x4)

.rel.dyn        0x00000000080019d8        0x0
 .rel.iplt      0x00000000080019d8        0x0 /home/users/aag/code/gcc-arm-none-eabi-7-2018-q2-update/bin/../lib/gcc/arm-none-eabi/7.3.1/thumb/v6-m/crtbegin.o

.ARM.extab
 *(.ARM.extab* .gnu.linkonce.armextab.*)

.ARM            0x00000000080019d8        0x0
                0x00000000080019d8                __exidx_start = .
 *(.ARM.exidx*)
                0x00000000080019d8                __exidx_end = .

.preinit_array  0x00000000080019d8        0x0
                0x00000000080019d8                PROVIDE (__preinit_array_start = .)
 *(.preinit_array*)
                0x00000000080019d8                PROVIDE (__preinit_array_end = .)

.init_array     0x00000000080019d8        0x8
                0x00000000080019d8                PROVIDE (__init_array_start = .)
 *(SORT_BY_NAME(.init_array.*))
 *(.init_array*)
 .init_array    0x00000000080019d8        0x4 /home/users/aag/code/gcc-arm-none-eabi-7-2018-q2-update/bin/../lib/gcc/arm-none-eabi/7.3.1/thumb/v6-m/crtbegin.o
 .init_array    0x00000000080019dc        0x4 build/main.o
                0x00000000080019e0                PROVIDE (__init_array_end = .)

.fini_array     0x00000000080019e0        0x4
                [!provide]                        PROVIDE (__fini_array_start = .)
 *(SORT_BY_NAME(.fini_array.*))
 *(.fini_array*)
 .fini_array    0x00000000080019e0        0x4 /home/users/aag/code/gcc-arm-none-eabi-7-2018-q2-update/bin/../lib/gcc/arm-none-eabi/7.3.1/thumb/v6-m/crtbegin.o
                [!provide]                        PROVIDE (__fini_array_end = .)
                0x00000000080019e4                _sidata = LOADADDR (.data)

.data           0x0000000020000000       0x64 load address 0x00000000080019e4
                0x0000000020000000                . = ALIGN (0x4)
                0x0000000020000000                _sdata = .
 *(.data)
 *(.data*)
 .data._impure_ptr
                0x0000000020000000        0x4 /home/users/aag/code/gcc-arm-none-eabi-7-2018-q2-update/bin/../lib/gcc/arm-none-eabi/7.3.1/../../../../arm-none-eabi/lib/thumb/v6-m/libc_nano.a(lib_a-impure.o)
                0x0000000020000000                _impure_ptr
 .data.impure_data
                0x0000000020000004       0x60 /home/users/aag/code/gcc-arm-none-eabi-7-2018-q2-update/bin/../lib/gcc/arm-none-eabi/7.3.1/../../../../arm-none-eabi/lib/thumb/v6-m/libc_nano.a(lib_a-impure.o)
                0x0000000020000064                . = ALIGN (0x4)
                0x0000000020000064                _edata = .

.igot.plt       0x0000000020000064        0x0 load address 0x0000000008001a48
 .igot.plt      0x0000000020000064        0x0 /home/users/aag/code/gcc-arm-none-eabi-7-2018-q2-update/bin/../lib/gcc/arm-none-eabi/7.3.1/thumb/v6-m/crtbegin.o
                0x0000000020000064                . = ALIGN (0x4)

.bss            0x0000000020000064      0x31c load address 0x0000000008001a48
                0x0000000020000064                _sbss = .
                0x0000000020000064                __bss_start__ = _sbss
 *(.bss)
 .bss           0x0000000020000064       0x1c /home/users/aag/code/gcc-arm-none-eabi-7-2018-q2-update/bin/../lib/gcc/arm-none-eabi/7.3.1/thumb/v6-m/crtbegin.o
 *(.bss*)
 .bss._ZGVZN3Pin4makeIN3mcu4Pin_ILNS1_6PeriphE2ELi1EEELNS1_7PinModeE0EEERDavE3pin
                0x0000000020000080        0x4 build/main.o
                0x0000000020000080                guard variable for Pin::make<mcu::Pin_<(mcu::Periph)2, 1>, (mcu::PinMode)0>()::pin
 .bss._ZZN3Pin4makeIN3mcu4Pin_ILNS1_6PeriphE2ELi1EEELNS1_7PinModeE0EEERDavE3pin
                0x0000000020000084        0x8 build/main.o
                0x0000000020000084                Pin::make<mcu::Pin_<(mcu::Periph)2, 1>, (mcu::PinMode)0>()::pin
 .bss._ZGVZN3Pin4makeIN3mcu4Pin_ILNS1_6PeriphE2ELi2EEELNS1_7PinModeE0EEERDavE3pin
                0x000000002000008c        0x4 build/main.o
                0x000000002000008c                guard variable for Pin::make<mcu::Pin_<(mcu::Periph)2, 2>, (mcu::PinMode)0>()::pin
 .bss._ZZN3Pin4makeIN3mcu4Pin_ILNS1_6PeriphE2ELi2EEELNS1_7PinModeE0EEERDavE3pin
                0x0000000020000090        0x8 build/main.o
                0x0000000020000090                Pin::make<mcu::Pin_<(mcu::Periph)2, 2>, (mcu::PinMode)0>()::pin
 .bss._ZGVZN3Pin4makeIN3mcu4Pin_ILNS1_6PeriphE2ELi10EEELNS1_7PinModeE0EEERDavE3pin
                0x0000000020000098        0x4 build/main.o
                0x0000000020000098                guard variable for Pin::make<mcu::Pin_<(mcu::Periph)2, 10>, (mcu::PinMode)0>()::pin
 .bss._ZZN3Pin4makeIN3mcu4Pin_ILNS1_6PeriphE2ELi10EEELNS1_7PinModeE0EEERDavE3pin
                0x000000002000009c        0x8 build/main.o
                0x000000002000009c                Pin::make<mcu::Pin_<(mcu::Periph)2, 10>, (mcu::PinMode)0>()::pin
 .bss._ZGVZN3Pin4makeIN3mcu4Pin_ILNS1_6PeriphE2ELi11EEELNS1_7PinModeE0EEERDavE3pin
                0x00000000200000a4        0x4 build/main.o
                0x00000000200000a4                guard variable for Pin::make<mcu::Pin_<(mcu::Periph)2, 11>, (mcu::PinMode)0>()::pin
 .bss._ZZN3Pin4makeIN3mcu4Pin_ILNS1_6PeriphE2ELi11EEELNS1_7PinModeE0EEERDavE3pin
                0x00000000200000a8        0x8 build/main.o
                0x00000000200000a8                Pin::make<mcu::Pin_<(mcu::Periph)2, 11>, (mcu::PinMode)0>()::pin
 .bss._ZGVZN3Pin4makeIN3mcu4Pin_ILNS1_6PeriphE2ELi12EEELNS1_7PinModeE0EEERDavE3pin
                0x00000000200000b0        0x4 build/main.o
                0x00000000200000b0                guard variable for Pin::make<mcu::Pin_<(mcu::Periph)2, 12>, (mcu::PinMode)0>()::pin
 .bss._ZZN3Pin4makeIN3mcu4Pin_ILNS1_6PeriphE2ELi12EEELNS1_7PinModeE0EEERDavE3pin
                0x00000000200000b4        0x8 build/main.o
                0x00000000200000b4                Pin::make<mcu::Pin_<(mcu::Periph)2, 12>, (mcu::PinMode)0>()::pin
 .bss._ZGVZN3Pin4makeIN3mcu4Pin_ILNS1_6PeriphE2ELi13EEELNS1_7PinModeE0EEERDavE3pin
                0x00000000200000bc        0x4 build/main.o
                0x00000000200000bc                guard variable for Pin::make<mcu::Pin_<(mcu::Periph)2, 13>, (mcu::PinMode)0>()::pin
 .bss._ZZN3Pin4makeIN3mcu4Pin_ILNS1_6PeriphE2ELi13EEELNS1_7PinModeE0EEERDavE3pin
                0x00000000200000c0        0x8 build/main.o
                0x00000000200000c0                Pin::make<mcu::Pin_<(mcu::Periph)2, 13>, (mcu::PinMode)0>()::pin
 .bss._ZGVZN3Pin4makeIN3mcu4Pin_ILNS1_6PeriphE2ELi14EEELNS1_7PinModeE0EEERDavE3pin
                0x00000000200000c8        0x4 build/main.o
                0x00000000200000c8                guard variable for Pin::make<mcu::Pin_<(mcu::Periph)2, 14>, (mcu::PinMode)0>()::pin
 .bss._ZZN3Pin4makeIN3mcu4Pin_ILNS1_6PeriphE2ELi14EEELNS1_7PinModeE0EEERDavE3pin
                0x00000000200000cc        0x8 build/main.o
                0x00000000200000cc                Pin::make<mcu::Pin_<(mcu::Periph)2, 14>, (mcu::PinMode)0>()::pin
 .bss._ZGVZN3Pin4makeIN3mcu4Pin_ILNS1_6PeriphE2ELi15EEELNS1_7PinModeE0EEERDavE3pin
                0x00000000200000d4        0x4 build/main.o
                0x00000000200000d4                guard variable for Pin::make<mcu::Pin_<(mcu::Periph)2, 15>, (mcu::PinMode)0>()::pin
 .bss._ZZN3Pin4makeIN3mcu4Pin_ILNS1_6PeriphE2ELi15EEELNS1_7PinModeE0EEERDavE3pin
                0x00000000200000d8        0x8 build/main.o
                0x00000000200000d8                Pin::make<mcu::Pin_<(mcu::Periph)2, 15>, (mcu::PinMode)0>()::pin
 .bss._ZGVZN3Pin4makeIN3mcu4Pin_ILNS1_6PeriphE1ELi8EEELNS1_7PinModeE0EEERDavE3pin
                0x00000000200000e0        0x4 build/main.o
                0x00000000200000e0                guard variable for Pin::make<mcu::Pin_<(mcu::Periph)1, 8>, (mcu::PinMode)0>()::pin
 .bss._ZZN3Pin4makeIN3mcu4Pin_ILNS1_6PeriphE1ELi8EEELNS1_7PinModeE0EEERDavE3pin
                0x00000000200000e4        0x8 build/main.o
                0x00000000200000e4                Pin::make<mcu::Pin_<(mcu::Periph)1, 8>, (mcu::PinMode)0>()::pin
 .bss._ZGVZN3Pin4makeIN3mcu4Pin_ILNS1_6PeriphE1ELi9EEELNS1_7PinModeE0EEERDavE3pin
                0x00000000200000ec        0x4 build/main.o
                0x00000000200000ec                guard variable for Pin::make<mcu::Pin_<(mcu::Periph)1, 9>, (mcu::PinMode)0>()::pin
 .bss._ZZN3Pin4makeIN3mcu4Pin_ILNS1_6PeriphE1ELi9EEELNS1_7PinModeE0EEERDavE3pin
                0x00000000200000f0        0x8 build/main.o
                0x00000000200000f0                Pin::make<mcu::Pin_<(mcu::Periph)1, 9>, (mcu::PinMode)0>()::pin
 .bss._ZGVZN3Pin4makeIN3mcu4Pin_ILNS1_6PeriphE1ELi15EEELNS1_7PinModeE1EEERDavE3pin
                0x00000000200000f8        0x4 build/main.o
                0x00000000200000f8                guard variable for Pin::make<mcu::Pin_<(mcu::Periph)1, 15>, (mcu::PinMode)1>()::pin
 .bss._ZZN3Pin4makeIN3mcu4Pin_ILNS1_6PeriphE1ELi15EEELNS1_7PinModeE1EEERDavE3pin
                0x00000000200000fc        0x8 build/main.o
                0x00000000200000fc                Pin::make<mcu::Pin_<(mcu::Periph)1, 15>, (mcu::PinMode)1>()::pin
 .bss._ZGVZN3Pin4makeIN3mcu4Pin_ILNS1_6PeriphE2ELi3EEELNS1_7PinModeE1EEERDavE3pin
                0x0000000020000104        0x4 build/main.o
                0x0000000020000104                guard variable for Pin::make<mcu::Pin_<(mcu::Periph)2, 3>, (mcu::PinMode)1>()::pin
 .bss._ZZN3Pin4makeIN3mcu4Pin_ILNS1_6PeriphE2ELi3EEELNS1_7PinModeE1EEERDavE3pin
                0x0000000020000108        0x8 build/main.o
                0x0000000020000108                Pin::make<mcu::Pin_<(mcu::Periph)2, 3>, (mcu::PinMode)1>()::pin
 .bss._ZGVZN3Pin4makeIN3mcu4Pin_ILNS1_6PeriphE2ELi4EEELNS1_7PinModeE1EEERDavE3pin
                0x0000000020000110        0x4 build/main.o
                0x0000000020000110                guard variable for Pin::make<mcu::Pin_<(mcu::Periph)2, 4>, (mcu::PinMode)1>()::pin
 .bss._ZZN3Pin4makeIN3mcu4Pin_ILNS1_6PeriphE2ELi4EEELNS1_7PinModeE1EEERDavE3pin
                0x0000000020000114        0x8 build/main.o
                0x0000000020000114                Pin::make<mcu::Pin_<(mcu::Periph)2, 4>, (mcu::PinMode)1>()::pin
 .bss._ZGVZN3Pin4makeIN3mcu4Pin_ILNS1_6PeriphE2ELi5EEELNS1_7PinModeE1EEERDavE3pin
                0x000000002000011c        0x4 build/main.o
                0x000000002000011c                guard variable for Pin::make<mcu::Pin_<(mcu::Periph)2, 5>, (mcu::PinMode)1>()::pin
 .bss._ZZN3Pin4makeIN3mcu4Pin_ILNS1_6PeriphE2ELi5EEELNS1_7PinModeE1EEERDavE3pin
                0x0000000020000120        0x8 build/main.o
                0x0000000020000120                Pin::make<mcu::Pin_<(mcu::Periph)2, 5>, (mcu::PinMode)1>()::pin
 .bss._ZGVZN3Pin4makeIN3mcu4Pin_ILNS1_6PeriphE1ELi5EEELNS1_7PinModeE1EEERDavE3pin
                0x0000000020000128        0x4 build/main.o
                0x0000000020000128                guard variable for Pin::make<mcu::Pin_<(mcu::Periph)1, 5>, (mcu::PinMode)1>()::pin
 .bss._ZZN3Pin4makeIN3mcu4Pin_ILNS1_6PeriphE1ELi5EEELNS1_7PinModeE1EEERDavE3pin
                0x000000002000012c        0x8 build/main.o
                0x000000002000012c                Pin::make<mcu::Pin_<(mcu::Periph)1, 5>, (mcu::PinMode)1>()::pin
 .bss._ZGVZN3Pin4makeIN3mcu4Pin_ILNS1_6PeriphE1ELi6EEELNS1_7PinModeE1EEERDavE3pin
                0x0000000020000134        0x4 build/main.o
                0x0000000020000134                guard variable for Pin::make<mcu::Pin_<(mcu::Periph)1, 6>, (mcu::PinMode)1>()::pin
 .bss._ZZN3Pin4makeIN3mcu4Pin_ILNS1_6PeriphE1ELi6EEELNS1_7PinModeE1EEERDavE3pin
                0x0000000020000138        0x8 build/main.o
                0x0000000020000138                Pin::make<mcu::Pin_<(mcu::Periph)1, 6>, (mcu::PinMode)1>()::pin
 .bss._ZGVZN3Pin4makeIN3mcu4Pin_ILNS1_6PeriphE1ELi7EEELNS1_7PinModeE1EEERDavE3pin
                0x0000000020000140        0x4 build/main.o
                0x0000000020000140                guard variable for Pin::make<mcu::Pin_<(mcu::Periph)1, 7>, (mcu::PinMode)1>()::pin
 .bss._ZZN3Pin4makeIN3mcu4Pin_ILNS1_6PeriphE1ELi7EEELNS1_7PinModeE1EEERDavE3pin
                0x0000000020000144        0x8 build/main.o
                0x0000000020000144                Pin::make<mcu::Pin_<(mcu::Periph)1, 7>, (mcu::PinMode)1>()::pin
 .bss._ZGVZN3Pin4makeIN3mcu4Pin_ILNS1_6PeriphE2ELi0EEELNS1_7PinModeE1EEERDavE3pin
                0x000000002000014c        0x4 build/main.o
                0x000000002000014c                guard variable for Pin::make<mcu::Pin_<(mcu::Periph)2, 0>, (mcu::PinMode)1>()::pin
 .bss._ZZN3Pin4makeIN3mcu4Pin_ILNS1_6PeriphE2ELi0EEELNS1_7PinModeE1EEERDavE3pin
                0x0000000020000150        0x8 build/main.o
                0x0000000020000150                Pin::make<mcu::Pin_<(mcu::Periph)2, 0>, (mcu::PinMode)1>()::pin
 .bss._ZGVZN10UART_sizedILj255EE4makeILN3mcu6PeriphE6ENS2_4Pin_ILS3_1ELi9EEENS4_ILS3_1ELi10EEENS4_ILS3_1ELi8EEEEERDavE4uart
                0x0000000020000158        0x4 build/main.o
                0x0000000020000158                guard variable for UART_sized<255u>::make<(mcu::Periph)6, mcu::Pin_<(mcu::Periph)1, 9>, mcu::Pin_<(mcu::Periph)1, 10>, mcu::Pin_<(mcu::Periph)1, 8> >()::uart
 .bss._ZZN10UART_sizedILj255EE4makeILN3mcu6PeriphE6ENS2_4Pin_ILS3_1ELi9EEENS4_ILS3_1ELi10EEENS4_ILS3_1ELi8EEEEERDavE4uart
                0x000000002000015c      0x12c build/main.o
                0x000000002000015c                UART_sized<255u>::make<(mcu::Periph)6, mcu::Pin_<(mcu::Periph)1, 9>, mcu::Pin_<(mcu::Periph)1, 10>, mcu::Pin_<(mcu::Periph)1, 8> >()::uart
 .bss._ZGVZN3Pin4makeIN3mcu4Pin_ILNS1_6PeriphE1ELi8EEELNS1_7PinModeE1EEERDavE3pin
                0x0000000020000288        0x4 build/main.o
                0x0000000020000288                guard variable for Pin::make<mcu::Pin_<(mcu::Periph)1, 8>, (mcu::PinMode)1>()::pin
 .bss._ZZN3Pin4makeIN3mcu4Pin_ILNS1_6PeriphE1ELi8EEELNS1_7PinModeE1EEERDavE3pin
                0x000000002000028c        0x8 build/main.o
                0x000000002000028c                Pin::make<mcu::Pin_<(mcu::Periph)1, 8>, (mcu::PinMode)1>()::pin
 .bss._ZGVZN3Pin4makeIN3mcu4Pin_ILNS1_6PeriphE1ELi10EEELNS1_7PinModeE4EEERDavE3pin
                0x0000000020000294        0x4 build/main.o
                0x0000000020000294                guard variable for Pin::make<mcu::Pin_<(mcu::Periph)1, 10>, (mcu::PinMode)4>()::pin
 .bss._ZZN3Pin4makeIN3mcu4Pin_ILNS1_6PeriphE1ELi10EEELNS1_7PinModeE4EEERDavE3pin
                0x0000000020000298        0x8 build/main.o
                0x0000000020000298                Pin::make<mcu::Pin_<(mcu::Periph)1, 10>, (mcu::PinMode)4>()::pin
 .bss._ZGVZN3Pin4makeIN3mcu4Pin_ILNS1_6PeriphE1ELi9EEELNS1_7PinModeE4EEERDavE3pin
                0x00000000200002a0        0x4 build/main.o
                0x00000000200002a0                guard variable for Pin::make<mcu::Pin_<(mcu::Periph)1, 9>, (mcu::PinMode)4>()::pin
 .bss._ZZN3Pin4makeIN3mcu4Pin_ILNS1_6PeriphE1ELi9EEELNS1_7PinModeE4EEERDavE3pin
                0x00000000200002a4        0x8 build/main.o
                0x00000000200002a4                Pin::make<mcu::Pin_<(mcu::Periph)1, 9>, (mcu::PinMode)4>()::pin
 .bss._ZGVZN12Modbus_slaveIZ4mainE7In_regsZ4mainE8Out_regsE4makeILN3mcu6PeriphE6ENS4_4Pin_ILS5_1ELi9EEENS6_ILS5_1ELi10EEENS6_ILS5_1ELi8EEEEERDahN10UART_sizedILj255EE8SettingsEE6modbus
                0x00000000200002ac        0x4 build/main.o
 .bss._ZZN12Modbus_slaveIZ4mainE7In_regsZ4mainE8Out_regsE4makeILN3mcu6PeriphE6ENS4_4Pin_ILS5_1ELi9EEENS6_ILS5_1ELi10EEENS6_ILS5_1ELi8EEEEERDahN10UART_sizedILj255EE8SettingsEE6modbus
                0x00000000200002b0       0x80 build/main.o
 .bss._ZZZ4mainENKUltE_clEtE7unblock
                0x0000000020000330        0x1 build/main.o
 *fill*         0x0000000020000331        0x3 
 .bss.interrupt_DMA1_channel1
                0x0000000020000334        0x8 build/main.o
                0x0000000020000334                interrupt_DMA1_channel1
 .bss.interrupt_DMA1_channel2
                0x000000002000033c        0x8 build/main.o
                0x000000002000033c                interrupt_DMA1_channel2
 .bss.interrupt_DMA1_channel3
                0x0000000020000344        0x8 build/main.o
                0x0000000020000344                interrupt_DMA1_channel3
 .bss.interrupt_DMA1_channel4
                0x000000002000034c        0x8 build/main.o
                0x000000002000034c                interrupt_DMA1_channel4
 .bss.interrupt_DMA1_channel5
                0x0000000020000354        0x8 build/main.o
                0x0000000020000354                interrupt_DMA1_channel5
 .bss.interrupt_usart1
                0x000000002000035c        0x8 build/main.o
                0x000000002000035c                interrupt_usart1
 .bss.tickUpdater
                0x0000000020000364        0x8 build/main.o
                0x0000000020000364                tickUpdater
 .bss._ZN12_GLOBAL__N_113__new_handlerE
                0x000000002000036c        0x4 /home/users/aag/code/gcc-arm-none-eabi-7-2018-q2-update/bin/../lib/gcc/arm-none-eabi/7.3.1/../../../../arm-none-eabi/lib/thumb/v6-m/libstdc++_nano.a(new_handler.o)
 .bss.__malloc_free_list
                0x0000000020000370        0x4 /home/users/aag/code/gcc-arm-none-eabi-7-2018-q2-update/bin/../lib/gcc/arm-none-eabi/7.3.1/../../../../arm-none-eabi/lib/thumb/v6-m/libc_nano.a(lib_a-nano-mallocr.o)
                0x0000000020000370                __malloc_free_list
 .bss.__malloc_sbrk_start
                0x0000000020000374        0x4 /home/users/aag/code/gcc-arm-none-eabi-7-2018-q2-update/bin/../lib/gcc/arm-none-eabi/7.3.1/../../../../arm-none-eabi/lib/thumb/v6-m/libc_nano.a(lib_a-nano-mallocr.o)
                0x0000000020000374                __malloc_sbrk_start
 .bss.heap_end.4102
                0x0000000020000378        0x4 /home/users/aag/code/gcc-arm-none-eabi-7-2018-q2-update/bin/../lib/gcc/arm-none-eabi/7.3.1/../../../../arm-none-eabi/lib/thumb/v6-m/libnosys.a(sbrk.o)
 *(COMMON)
 COMMON         0x000000002000037c        0x4 /home/users/aag/code/gcc-arm-none-eabi-7-2018-q2-update/bin/../lib/gcc/arm-none-eabi/7.3.1/../../../../arm-none-eabi/lib/thumb/v6-m/libc_nano.a(lib_a-reent.o)
                0x000000002000037c                errno
                0x0000000020000380                . = ALIGN (0x4)
                0x0000000020000380                _ebss = .
                0x0000000020000380                __bss_end__ = _ebss

._user_heap_stack
                0x0000000020000380      0x600 load address 0x0000000008001a48
                0x0000000020000380                . = ALIGN (0x8)
                0x0000000020000380                PROVIDE (end = .)
                [!provide]                        PROVIDE (_end = .)
                0x0000000020000580                . = (. + _Min_Heap_Size)
 *fill*         0x0000000020000380      0x200 
                0x0000000020000980                . = (. + _Min_Stack_Size)
 *fill*         0x0000000020000580      0x400 
                0x0000000020000980                . = ALIGN (0x8)

/DISCARD/
 libc.a(*)
 libm.a(*)
 libgcc.a(*)

.ARM.attributes
                0x0000000000000000       0x28
 *(.ARM.attributes)
 .ARM.attributes
                0x0000000000000000       0x1e /home/users/aag/code/gcc-arm-none-eabi-7-2018-q2-update/bin/../lib/gcc/arm-none-eabi/7.3.1/thumb/v6-m/crti.o
 .ARM.attributes
                0x000000000000001e       0x2c /home/users/aag/code/gcc-arm-none-eabi-7-2018-q2-update/bin/../lib/gcc/arm-none-eabi/7.3.1/thumb/v6-m/crtbegin.o
 .ARM.attributes
                0x000000000000004a       0x31 build/main.o
 .ARM.attributes
                0x000000000000007b       0x21 build/startup_stm32f030x6.o
 .ARM.attributes
                0x000000000000009c       0x2c /home/users/aag/code/gcc-arm-none-eabi-7-2018-q2-update/bin/../lib/gcc/arm-none-eabi/7.3.1/../../../../arm-none-eabi/lib/thumb/v6-m/libstdc++_nano.a(new_op.o)
 .ARM.attributes
                0x00000000000000c8       0x2c /home/users/aag/code/gcc-arm-none-eabi-7-2018-q2-update/bin/../lib/gcc/arm-none-eabi/7.3.1/../../../../arm-none-eabi/lib/thumb/v6-m/libstdc++_nano.a(new_handler.o)
 .ARM.attributes
                0x00000000000000f4       0x2c /home/users/aag/code/gcc-arm-none-eabi-7-2018-q2-update/bin/../lib/gcc/arm-none-eabi/7.3.1/../../../../arm-none-eabi/lib/thumb/v6-m/libstdc++_nano.a(del_ops.o)
 .ARM.attributes
                0x0000000000000120       0x2c /home/users/aag/code/gcc-arm-none-eabi-7-2018-q2-update/bin/../lib/gcc/arm-none-eabi/7.3.1/../../../../arm-none-eabi/lib/thumb/v6-m/libstdc++_nano.a(functional.o)
 .ARM.attributes
                0x000000000000014c       0x2c /home/users/aag/code/gcc-arm-none-eabi-7-2018-q2-update/bin/../lib/gcc/arm-none-eabi/7.3.1/../../../../arm-none-eabi/lib/thumb/v6-m/libstdc++_nano.a(del_op.o)
 .ARM.attributes
                0x0000000000000178       0x2c /home/users/aag/code/gcc-arm-none-eabi-7-2018-q2-update/bin/../lib/gcc/arm-none-eabi/7.3.1/../../../../arm-none-eabi/lib/thumb/v6-m/libc_nano.a(lib_a-abort.o)
 .ARM.attributes
                0x00000000000001a4       0x2c /home/users/aag/code/gcc-arm-none-eabi-7-2018-q2-update/bin/../lib/gcc/arm-none-eabi/7.3.1/../../../../arm-none-eabi/lib/thumb/v6-m/libc_nano.a(lib_a-impure.o)
 .ARM.attributes
                0x00000000000001d0       0x2c /home/users/aag/code/gcc-arm-none-eabi-7-2018-q2-update/bin/../lib/gcc/arm-none-eabi/7.3.1/../../../../arm-none-eabi/lib/thumb/v6-m/libc_nano.a(lib_a-init.o)
 .ARM.attributes
                0x00000000000001fc       0x2c /home/users/aag/code/gcc-arm-none-eabi-7-2018-q2-update/bin/../lib/gcc/arm-none-eabi/7.3.1/../../../../arm-none-eabi/lib/thumb/v6-m/libc_nano.a(lib_a-malloc.o)
 .ARM.attributes
                0x0000000000000228       0x2c /home/users/aag/code/gcc-arm-none-eabi-7-2018-q2-update/bin/../lib/gcc/arm-none-eabi/7.3.1/../../../../arm-none-eabi/lib/thumb/v6-m/libc_nano.a(lib_a-memset.o)
 .ARM.attributes
                0x0000000000000254       0x2c /home/users/aag/code/gcc-arm-none-eabi-7-2018-q2-update/bin/../lib/gcc/arm-none-eabi/7.3.1/../../../../arm-none-eabi/lib/thumb/v6-m/libc_nano.a(lib_a-nano-freer.o)
 .ARM.attributes
                0x0000000000000280       0x2c /home/users/aag/code/gcc-arm-none-eabi-7-2018-q2-update/bin/../lib/gcc/arm-none-eabi/7.3.1/../../../../arm-none-eabi/lib/thumb/v6-m/libc_nano.a(lib_a-nano-mallocr.o)
 .ARM.attributes
                0x00000000000002ac       0x2c /home/users/aag/code/gcc-arm-none-eabi-7-2018-q2-update/bin/../lib/gcc/arm-none-eabi/7.3.1/../../../../arm-none-eabi/lib/thumb/v6-m/libc_nano.a(lib_a-sbrkr.o)
 .ARM.attributes
                0x00000000000002d8       0x2c /home/users/aag/code/gcc-arm-none-eabi-7-2018-q2-update/bin/../lib/gcc/arm-none-eabi/7.3.1/../../../../arm-none-eabi/lib/thumb/v6-m/libc_nano.a(lib_a-signal.o)
 .ARM.attributes
                0x0000000000000304       0x2c /home/users/aag/code/gcc-arm-none-eabi-7-2018-q2-update/bin/../lib/gcc/arm-none-eabi/7.3.1/../../../../arm-none-eabi/lib/thumb/v6-m/libc_nano.a(lib_a-signalr.o)
 .ARM.attributes
                0x0000000000000330       0x2c /home/users/aag/code/gcc-arm-none-eabi-7-2018-q2-update/bin/../lib/gcc/arm-none-eabi/7.3.1/../../../../arm-none-eabi/lib/thumb/v6-m/libc_nano.a(lib_a-mlock.o)
 .ARM.attributes
                0x000000000000035c       0x2c /home/users/aag/code/gcc-arm-none-eabi-7-2018-q2-update/bin/../lib/gcc/arm-none-eabi/7.3.1/../../../../arm-none-eabi/lib/thumb/v6-m/libc_nano.a(lib_a-reent.o)
 .ARM.attributes
                0x0000000000000388       0x1e /home/users/aag/code/gcc-arm-none-eabi-7-2018-q2-update/bin/../lib/gcc/arm-none-eabi/7.3.1/thumb/v6-m/libgcc.a(_thumb1_case_uqi.o)
 .ARM.attributes
                0x00000000000003a6       0x1e /home/users/aag/code/gcc-arm-none-eabi-7-2018-q2-update/bin/../lib/gcc/arm-none-eabi/7.3.1/thumb/v6-m/libgcc.a(_udivsi3.o)
 .ARM.attributes
                0x00000000000003c4       0x1e /home/users/aag/code/gcc-arm-none-eabi-7-2018-q2-update/bin/../lib/gcc/arm-none-eabi/7.3.1/thumb/v6-m/libgcc.a(_dvmd_tls.o)
 .ARM.attributes
                0x00000000000003e2       0x2c /home/users/aag/code/gcc-arm-none-eabi-7-2018-q2-update/bin/../lib/gcc/arm-none-eabi/7.3.1/../../../../arm-none-eabi/lib/thumb/v6-m/libnosys.a(getpid.o)
 .ARM.attributes
                0x000000000000040e       0x2c /home/users/aag/code/gcc-arm-none-eabi-7-2018-q2-update/bin/../lib/gcc/arm-none-eabi/7.3.1/../../../../arm-none-eabi/lib/thumb/v6-m/libnosys.a(kill.o)
 .ARM.attributes
                0x000000000000043a       0x2c /home/users/aag/code/gcc-arm-none-eabi-7-2018-q2-update/bin/../lib/gcc/arm-none-eabi/7.3.1/../../../../arm-none-eabi/lib/thumb/v6-m/libnosys.a(sbrk.o)
 .ARM.attributes
                0x0000000000000466       0x2c /home/users/aag/code/gcc-arm-none-eabi-7-2018-q2-update/bin/../lib/gcc/arm-none-eabi/7.3.1/../../../../arm-none-eabi/lib/thumb/v6-m/libnosys.a(_exit.o)
 .ARM.attributes
                0x0000000000000492       0x1e /home/users/aag/code/gcc-arm-none-eabi-7-2018-q2-update/bin/../lib/gcc/arm-none-eabi/7.3.1/thumb/v6-m/crtn.o
OUTPUT(build/main.elf elf32-littlearm)

.debug_info     0x0000000000000000    0x1f547
 .debug_info    0x0000000000000000    0x1f525 build/main.o
 .debug_info    0x000000000001f525       0x22 build/startup_stm32f030x6.o

.debug_abbrev   0x0000000000000000     0x1226
 .debug_abbrev  0x0000000000000000     0x1214 build/main.o
 .debug_abbrev  0x0000000000001214       0x12 build/startup_stm32f030x6.o

.debug_loc      0x0000000000000000     0x2c77
 .debug_loc     0x0000000000000000     0x2c77 build/main.o

.debug_aranges  0x0000000000000000      0x1e0
 .debug_aranges
                0x0000000000000000      0x1b8 build/main.o
 .debug_aranges
                0x00000000000001b8       0x28 build/startup_stm32f030x6.o

.debug_ranges   0x0000000000000000     0x1120
 .debug_ranges  0x0000000000000000     0x1100 build/main.o
 .debug_ranges  0x0000000000001100       0x20 build/startup_stm32f030x6.o

.debug_line     0x0000000000000000     0x1806
 .debug_line    0x0000000000000000     0x1775 build/main.o
 .debug_line    0x0000000000001775       0x91 build/startup_stm32f030x6.o

.debug_str      0x0000000000000000    0x1ac54
 .debug_str     0x0000000000000000    0x1ac17 build/main.o
                                      0x1b22e (size before relaxing)
 .debug_str     0x000000000001ac17       0x3d build/startup_stm32f030x6.o
                                         0x6c (size before relaxing)

.comment        0x0000000000000000       0x7f
 .comment       0x0000000000000000       0x7f build/main.o
                                         0x80 (size before relaxing)

.debug_frame    0x0000000000000000      0x970
 .debug_frame   0x0000000000000000      0x4ec build/main.o
 .debug_frame   0x00000000000004ec       0x28 /home/users/aag/code/gcc-arm-none-eabi-7-2018-q2-update/bin/../lib/gcc/arm-none-eabi/7.3.1/../../../../arm-none-eabi/lib/thumb/v6-m/libstdc++_nano.a(new_op.o)
 .debug_frame   0x0000000000000514       0x30 /home/users/aag/code/gcc-arm-none-eabi-7-2018-q2-update/bin/../lib/gcc/arm-none-eabi/7.3.1/../../../../arm-none-eabi/lib/thumb/v6-m/libstdc++_nano.a(new_handler.o)
 .debug_frame   0x0000000000000544       0x28 /home/users/aag/code/gcc-arm-none-eabi-7-2018-q2-update/bin/../lib/gcc/arm-none-eabi/7.3.1/../../../../arm-none-eabi/lib/thumb/v6-m/libstdc++_nano.a(del_ops.o)
 .debug_frame   0x000000000000056c       0x68 /home/users/aag/code/gcc-arm-none-eabi-7-2018-q2-update/bin/../lib/gcc/arm-none-eabi/7.3.1/../../../../arm-none-eabi/lib/thumb/v6-m/libstdc++_nano.a(functional.o)
 .debug_frame   0x00000000000005d4       0x28 /home/users/aag/code/gcc-arm-none-eabi-7-2018-q2-update/bin/../lib/gcc/arm-none-eabi/7.3.1/../../../../arm-none-eabi/lib/thumb/v6-m/libstdc++_nano.a(del_op.o)
 .debug_frame   0x00000000000005fc       0x28 /home/users/aag/code/gcc-arm-none-eabi-7-2018-q2-update/bin/../lib/gcc/arm-none-eabi/7.3.1/../../../../arm-none-eabi/lib/thumb/v6-m/libc_nano.a(lib_a-abort.o)
 .debug_frame   0x0000000000000624       0x2c /home/users/aag/code/gcc-arm-none-eabi-7-2018-q2-update/bin/../lib/gcc/arm-none-eabi/7.3.1/../../../../arm-none-eabi/lib/thumb/v6-m/libc_nano.a(lib_a-init.o)
 .debug_frame   0x0000000000000650       0x40 /home/users/aag/code/gcc-arm-none-eabi-7-2018-q2-update/bin/../lib/gcc/arm-none-eabi/7.3.1/../../../../arm-none-eabi/lib/thumb/v6-m/libc_nano.a(lib_a-malloc.o)
 .debug_frame   0x0000000000000690       0x20 /home/users/aag/code/gcc-arm-none-eabi-7-2018-q2-update/bin/../lib/gcc/arm-none-eabi/7.3.1/../../../../arm-none-eabi/lib/thumb/v6-m/libc_nano.a(lib_a-memset.o)
 .debug_frame   0x00000000000006b0       0x2c /home/users/aag/code/gcc-arm-none-eabi-7-2018-q2-update/bin/../lib/gcc/arm-none-eabi/7.3.1/../../../../arm-none-eabi/lib/thumb/v6-m/libc_nano.a(lib_a-nano-freer.o)
 .debug_frame   0x00000000000006dc       0x2c /home/users/aag/code/gcc-arm-none-eabi-7-2018-q2-update/bin/../lib/gcc/arm-none-eabi/7.3.1/../../../../arm-none-eabi/lib/thumb/v6-m/libc_nano.a(lib_a-nano-mallocr.o)
 .debug_frame   0x0000000000000708       0x2c /home/users/aag/code/gcc-arm-none-eabi-7-2018-q2-update/bin/../lib/gcc/arm-none-eabi/7.3.1/../../../../arm-none-eabi/lib/thumb/v6-m/libc_nano.a(lib_a-sbrkr.o)
 .debug_frame   0x0000000000000734       0xe0 /home/users/aag/code/gcc-arm-none-eabi-7-2018-q2-update/bin/../lib/gcc/arm-none-eabi/7.3.1/../../../../arm-none-eabi/lib/thumb/v6-m/libc_nano.a(lib_a-signal.o)
 .debug_frame   0x0000000000000814       0x44 /home/users/aag/code/gcc-arm-none-eabi-7-2018-q2-update/bin/../lib/gcc/arm-none-eabi/7.3.1/../../../../arm-none-eabi/lib/thumb/v6-m/libc_nano.a(lib_a-signalr.o)
 .debug_frame   0x0000000000000858       0x30 /home/users/aag/code/gcc-arm-none-eabi-7-2018-q2-update/bin/../lib/gcc/arm-none-eabi/7.3.1/../../../../arm-none-eabi/lib/thumb/v6-m/libc_nano.a(lib_a-mlock.o)
 .debug_frame   0x0000000000000888       0x48 /home/users/aag/code/gcc-arm-none-eabi-7-2018-q2-update/bin/../lib/gcc/arm-none-eabi/7.3.1/../../../../arm-none-eabi/lib/thumb/v6-m/libc_nano.a(lib_a-reent.o)
 .debug_frame   0x00000000000008d0       0x20 /home/users/aag/code/gcc-arm-none-eabi-7-2018-q2-update/bin/../lib/gcc/arm-none-eabi/7.3.1/thumb/v6-m/libgcc.a(_udivsi3.o)
 .debug_frame   0x00000000000008f0       0x20 /home/users/aag/code/gcc-arm-none-eabi-7-2018-q2-update/bin/../lib/gcc/arm-none-eabi/7.3.1/../../../../arm-none-eabi/lib/thumb/v6-m/libnosys.a(getpid.o)
 .debug_frame   0x0000000000000910       0x20 /home/users/aag/code/gcc-arm-none-eabi-7-2018-q2-update/bin/../lib/gcc/arm-none-eabi/7.3.1/../../../../arm-none-eabi/lib/thumb/v6-m/libnosys.a(kill.o)
 .debug_frame   0x0000000000000930       0x20 /home/users/aag/code/gcc-arm-none-eabi-7-2018-q2-update/bin/../lib/gcc/arm-none-eabi/7.3.1/../../../../arm-none-eabi/lib/thumb/v6-m/libnosys.a(sbrk.o)
 .debug_frame   0x0000000000000950       0x20 /home/users/aag/code/gcc-arm-none-eabi-7-2018-q2-update/bin/../lib/gcc/arm-none-eabi/7.3.1/../../../../arm-none-eabi/lib/thumb/v6-m/libnosys.a(_exit.o)

.stab           0x0000000000000000       0x3c
 .stab          0x0000000000000000       0x24 /home/users/aag/code/gcc-arm-none-eabi-7-2018-q2-update/bin/../lib/gcc/arm-none-eabi/7.3.1/../../../../arm-none-eabi/lib/thumb/v6-m/libnosys.a(getpid.o)
 .stab          0x0000000000000024       0x18 /home/users/aag/code/gcc-arm-none-eabi-7-2018-q2-update/bin/../lib/gcc/arm-none-eabi/7.3.1/../../../../arm-none-eabi/lib/thumb/v6-m/libnosys.a(kill.o)
                                         0x24 (size before relaxing)

.stabstr        0x0000000000000000       0x76
 .stabstr       0x0000000000000000       0x76 /home/users/aag/code/gcc-arm-none-eabi-7-2018-q2-update/bin/../lib/gcc/arm-none-eabi/7.3.1/../../../../arm-none-eabi/lib/thumb/v6-m/libnosys.a(getpid.o)

Cross Reference Table

Symbol                                            File
ADC1_IRQHandler                                   build/startup_stm32f030x6.o
DMA1_Channel1_IRQHandler                          build/main.o
DMA1_Channel2_3_IRQHandler                        build/main.o
DMA1_Channel4_5_IRQHandler                        build/main.o
Default_Handler                                   build/startup_stm32f030x6.o
EXTI0_1_IRQHandler                                build/startup_stm32f030x6.o
EXTI2_3_IRQHandler                                build/startup_stm32f030x6.o
EXTI4_15_IRQHandler                               build/startup_stm32f030x6.o
FLASH_IRQHandler                                  build/startup_stm32f030x6.o
HardFault_Handler                                 build/startup_stm32f030x6.o
I2C1_IRQHandler                                   build/startup_stm32f030x6.o
NMI_Handler                                       build/startup_stm32f030x6.o
Net_buffer<255u>::operator<<(unsigned char)       build/main.o
Net_buffer<255u>::operator<<(unsigned short)      build/main.o
Net_buffer<255u>::operator>>(unsigned short&)     build/main.o
Net_buffer<255u>::pop_front()                     build/main.o
PendSV_Handler                                    build/startup_stm32f030x6.o
Pin::is_set()                                     build/main.o
Pin::make<mcu::Pin_<(mcu::Periph)1, 10>, (mcu::PinMode)4>()::pin build/main.o
Pin::make<mcu::Pin_<(mcu::Periph)1, 15>, (mcu::PinMode)1>()::pin build/main.o
Pin::make<mcu::Pin_<(mcu::Periph)1, 5>, (mcu::PinMode)1>()::pin build/main.o
Pin::make<mcu::Pin_<(mcu::Periph)1, 6>, (mcu::PinMode)1>()::pin build/main.o
Pin::make<mcu::Pin_<(mcu::Periph)1, 7>, (mcu::PinMode)1>()::pin build/main.o
Pin::make<mcu::Pin_<(mcu::Periph)1, 8>, (mcu::PinMode)0>()::pin build/main.o
Pin::make<mcu::Pin_<(mcu::Periph)1, 8>, (mcu::PinMode)1>()::pin build/main.o
Pin::make<mcu::Pin_<(mcu::Periph)1, 9>, (mcu::PinMode)0>()::pin build/main.o
Pin::make<mcu::Pin_<(mcu::Periph)1, 9>, (mcu::PinMode)4>()::pin build/main.o
Pin::make<mcu::Pin_<(mcu::Periph)2, 0>, (mcu::PinMode)1>()::pin build/main.o
Pin::make<mcu::Pin_<(mcu::Periph)2, 10>, (mcu::PinMode)0>()::pin build/main.o
Pin::make<mcu::Pin_<(mcu::Periph)2, 11>, (mcu::PinMode)0>()::pin build/main.o
Pin::make<mcu::Pin_<(mcu::Periph)2, 12>, (mcu::PinMode)0>()::pin build/main.o
Pin::make<mcu::Pin_<(mcu::Periph)2, 13>, (mcu::PinMode)0>()::pin build/main.o
Pin::make<mcu::Pin_<(mcu::Periph)2, 14>, (mcu::PinMode)0>()::pin build/main.o
Pin::make<mcu::Pin_<(mcu::Periph)2, 15>, (mcu::PinMode)0>()::pin build/main.o
Pin::make<mcu::Pin_<(mcu::Periph)2, 1>, (mcu::PinMode)0>()::pin build/main.o
Pin::make<mcu::Pin_<(mcu::Periph)2, 2>, (mcu::PinMode)0>()::pin build/main.o
Pin::make<mcu::Pin_<(mcu::Periph)2, 3>, (mcu::PinMode)1>()::pin build/main.o
Pin::make<mcu::Pin_<(mcu::Periph)2, 4>, (mcu::PinMode)1>()::pin build/main.o
Pin::make<mcu::Pin_<(mcu::Periph)2, 5>, (mcu::PinMode)1>()::pin build/main.o
Pin::operator=(bool)                              build/main.o
RCC_IRQHandler                                    build/startup_stm32f030x6.o
RTC_IRQHandler                                    build/startup_stm32f030x6.o
Reset_Handler                                     build/startup_stm32f030x6.o
SPI1_IRQHandler                                   build/startup_stm32f030x6.o
SVC_Handler                                       build/startup_stm32f030x6.o
SysTick_Handler                                   build/main.o
TIM14_IRQHandler                                  build/main.o
TIM16_IRQHandler                                  build/main.o
TIM17_IRQHandler                                  build/main.o
TIM1_BRK_TIM9_IRQHandler                          build/main.o
TIM1_BRK_UP_TRG_COM_IRQHandler                    build/startup_stm32f030x6.o
TIM1_CC_IRQHandler                                build/main.o
TIM3_IRQHandler                                   build/main.o
TickSubscriber::tick_subscribe()                  build/main.o
TickSubscriber::tick_unsubscribe()                build/main.o
Timer::done()                                     build/main.o
Timer::event()                                    build/main.o
Timer::isCount()                                  build/main.o
Timer::isGreater(unsigned long)                   build/main.o
Timer::notify()                                   build/main.o
Timer::pause()                                    build/main.o
Timer::start()                                    build/main.o
Timer::start(unsigned long)                       build/main.o
Timer::stop()                                     build/main.o
Timer::timeLeft()                                 build/main.o
Timer::timePassed()                               build/main.o
UART_sized<255u>::make<(mcu::Periph)6, mcu::Pin_<(mcu::Periph)1, 9>, mcu::Pin_<(mcu::Periph)1, 10>, mcu::Pin_<(mcu::Periph)1, 8> >()::uart build/main.o
UART_sized<255u>::receive()                       build/main.o
UART_sized<255u>::transmit()                      build/main.o
USART1_IRQHandler                                 build/main.o
WWDG_IRQHandler                                   build/startup_stm32f030x6.o
__aeabi_idiv                                      /home/users/aag/code/gcc-arm-none-eabi-7-2018-q2-update/bin/../lib/gcc/arm-none-eabi/7.3.1/thumb/v6-m/libgcc.a(_divsi3.o)
                                                  build/main.o
__aeabi_idiv0                                     /home/users/aag/code/gcc-arm-none-eabi-7-2018-q2-update/bin/../lib/gcc/arm-none-eabi/7.3.1/thumb/v6-m/libgcc.a(_dvmd_tls.o)
                                                  /home/users/aag/code/gcc-arm-none-eabi-7-2018-q2-update/bin/../lib/gcc/arm-none-eabi/7.3.1/thumb/v6-m/libgcc.a(_divsi3.o)
                                                  /home/users/aag/code/gcc-arm-none-eabi-7-2018-q2-update/bin/../lib/gcc/arm-none-eabi/7.3.1/thumb/v6-m/libgcc.a(_udivsi3.o)
__aeabi_idivmod                                   /home/users/aag/code/gcc-arm-none-eabi-7-2018-q2-update/bin/../lib/gcc/arm-none-eabi/7.3.1/thumb/v6-m/libgcc.a(_divsi3.o)
__aeabi_ldiv0                                     /home/users/aag/code/gcc-arm-none-eabi-7-2018-q2-update/bin/../lib/gcc/arm-none-eabi/7.3.1/thumb/v6-m/libgcc.a(_dvmd_tls.o)
__aeabi_uidiv                                     /home/users/aag/code/gcc-arm-none-eabi-7-2018-q2-update/bin/../lib/gcc/arm-none-eabi/7.3.1/thumb/v6-m/libgcc.a(_udivsi3.o)
                                                  build/main.o
__aeabi_uidivmod                                  /home/users/aag/code/gcc-arm-none-eabi-7-2018-q2-update/bin/../lib/gcc/arm-none-eabi/7.3.1/thumb/v6-m/libgcc.a(_udivsi3.o)
__bss_end__                                       /home/users/aag/code/gcc-arm-none-eabi-7-2018-q2-update/bin/../lib/gcc/arm-none-eabi/7.3.1/../../../../arm-none-eabi/lib/thumb/v6-m/crt0.o
__bss_start__                                     /home/users/aag/code/gcc-arm-none-eabi-7-2018-q2-update/bin/../lib/gcc/arm-none-eabi/7.3.1/../../../../arm-none-eabi/lib/thumb/v6-m/crt0.o
__call_exitprocs                                  /home/users/aag/code/gcc-arm-none-eabi-7-2018-q2-update/bin/../lib/gcc/arm-none-eabi/7.3.1/../../../../arm-none-eabi/lib/thumb/v6-m/libc_nano.a(lib_a-exit.o)
__cxa_deleted_virtual                             /home/users/aag/code/gcc-arm-none-eabi-7-2018-q2-update/bin/../lib/gcc/arm-none-eabi/7.3.1/../../../../arm-none-eabi/lib/thumb/v6-m/libstdc++_nano.a(pure.o)
__cxa_pure_virtual                                /home/users/aag/code/gcc-arm-none-eabi-7-2018-q2-update/bin/../lib/gcc/arm-none-eabi/7.3.1/../../../../arm-none-eabi/lib/thumb/v6-m/libstdc++_nano.a(pure.o)
                                                  /home/users/aag/code/gcc-arm-none-eabi-7-2018-q2-update/bin/../lib/gcc/arm-none-eabi/7.3.1/../../../../arm-none-eabi/lib/thumb/v6-m/libstdc++_nano.a(eh_exception.o)
__cxxabiv1::__class_type_info::__do_catch(std::type_info const*, void**, unsigned int) const /home/users/aag/code/gcc-arm-none-eabi-7-2018-q2-update/bin/../lib/gcc/arm-none-eabi/7.3.1/../../../../arm-none-eabi/lib/thumb/v6-m/libstdc++_nano.a(class_type_info.o)
                                                  /home/users/aag/code/gcc-arm-none-eabi-7-2018-q2-update/bin/../lib/gcc/arm-none-eabi/7.3.1/../../../../arm-none-eabi/lib/thumb/v6-m/libstdc++_nano.a(si_class_type_info.o)
__cxxabiv1::__class_type_info::__do_dyncast(int, __cxxabiv1::__class_type_info::__sub_kind, __cxxabiv1::__class_type_info const*, void const*, __cxxabiv1::__class_type_info const*, void const*, __cxxabiv1::__class_type_info::__dyncast_result&) const /home/users/aag/code/gcc-arm-none-eabi-7-2018-q2-update/bin/../lib/gcc/arm-none-eabi/7.3.1/../../../../arm-none-eabi/lib/thumb/v6-m/libstdc++_nano.a(class_type_info.o)
__cxxabiv1::__class_type_info::__do_find_public_src(int, void const*, __cxxabiv1::__class_type_info const*, void const*) const /home/users/aag/code/gcc-arm-none-eabi-7-2018-q2-update/bin/../lib/gcc/arm-none-eabi/7.3.1/../../../../arm-none-eabi/lib/thumb/v6-m/libstdc++_nano.a(class_type_info.o)
__cxxabiv1::__class_type_info::__do_upcast(__cxxabiv1::__class_type_info const*, void const*, __cxxabiv1::__class_type_info::__upcast_result&) const /home/users/aag/code/gcc-arm-none-eabi-7-2018-q2-update/bin/../lib/gcc/arm-none-eabi/7.3.1/../../../../arm-none-eabi/lib/thumb/v6-m/libstdc++_nano.a(class_type_info.o)
                                                  /home/users/aag/code/gcc-arm-none-eabi-7-2018-q2-update/bin/../lib/gcc/arm-none-eabi/7.3.1/../../../../arm-none-eabi/lib/thumb/v6-m/libstdc++_nano.a(si_class_type_info.o)
__cxxabiv1::__class_type_info::__do_upcast(__cxxabiv1::__class_type_info const*, void**) const /home/users/aag/code/gcc-arm-none-eabi-7-2018-q2-update/bin/../lib/gcc/arm-none-eabi/7.3.1/../../../../arm-none-eabi/lib/thumb/v6-m/libstdc++_nano.a(class_type_info.o)
                                                  /home/users/aag/code/gcc-arm-none-eabi-7-2018-q2-update/bin/../lib/gcc/arm-none-eabi/7.3.1/../../../../arm-none-eabi/lib/thumb/v6-m/libstdc++_nano.a(si_class_type_info.o)
__cxxabiv1::__class_type_info::~__class_type_info() /home/users/aag/code/gcc-arm-none-eabi-7-2018-q2-update/bin/../lib/gcc/arm-none-eabi/7.3.1/../../../../arm-none-eabi/lib/thumb/v6-m/libstdc++_nano.a(class_type_info.o)
__cxxabiv1::__class_type_info::~__class_type_info() /home/users/aag/code/gcc-arm-none-eabi-7-2018-q2-update/bin/../lib/gcc/arm-none-eabi/7.3.1/../../../../arm-none-eabi/lib/thumb/v6-m/libstdc++_nano.a(class_type_info.o)
                                                  /home/users/aag/code/gcc-arm-none-eabi-7-2018-q2-update/bin/../lib/gcc/arm-none-eabi/7.3.1/../../../../arm-none-eabi/lib/thumb/v6-m/libstdc++_nano.a(si_class_type_info.o)
__cxxabiv1::__class_type_info::~__class_type_info() /home/users/aag/code/gcc-arm-none-eabi-7-2018-q2-update/bin/../lib/gcc/arm-none-eabi/7.3.1/../../../../arm-none-eabi/lib/thumb/v6-m/libstdc++_nano.a(class_type_info.o)
__cxxabiv1::__forced_unwind::~__forced_unwind()   /home/users/aag/code/gcc-arm-none-eabi-7-2018-q2-update/bin/../lib/gcc/arm-none-eabi/7.3.1/../../../../arm-none-eabi/lib/thumb/v6-m/libstdc++_nano.a(eh_exception.o)
__cxxabiv1::__forced_unwind::~__forced_unwind()   /home/users/aag/code/gcc-arm-none-eabi-7-2018-q2-update/bin/../lib/gcc/arm-none-eabi/7.3.1/../../../../arm-none-eabi/lib/thumb/v6-m/libstdc++_nano.a(eh_exception.o)
__cxxabiv1::__forced_unwind::~__forced_unwind()   /home/users/aag/code/gcc-arm-none-eabi-7-2018-q2-update/bin/../lib/gcc/arm-none-eabi/7.3.1/../../../../arm-none-eabi/lib/thumb/v6-m/libstdc++_nano.a(eh_exception.o)
__cxxabiv1::__foreign_exception::~__foreign_exception() /home/users/aag/code/gcc-arm-none-eabi-7-2018-q2-update/bin/../lib/gcc/arm-none-eabi/7.3.1/../../../../arm-none-eabi/lib/thumb/v6-m/libstdc++_nano.a(eh_exception.o)
__cxxabiv1::__foreign_exception::~__foreign_exception() /home/users/aag/code/gcc-arm-none-eabi-7-2018-q2-update/bin/../lib/gcc/arm-none-eabi/7.3.1/../../../../arm-none-eabi/lib/thumb/v6-m/libstdc++_nano.a(eh_exception.o)
__cxxabiv1::__foreign_exception::~__foreign_exception() /home/users/aag/code/gcc-arm-none-eabi-7-2018-q2-update/bin/../lib/gcc/arm-none-eabi/7.3.1/../../../../arm-none-eabi/lib/thumb/v6-m/libstdc++_nano.a(eh_exception.o)
__cxxabiv1::__si_class_type_info::__do_dyncast(int, __cxxabiv1::__class_type_info::__sub_kind, __cxxabiv1::__class_type_info const*, void const*, __cxxabiv1::__class_type_info const*, void const*, __cxxabiv1::__class_type_info::__dyncast_result&) const /home/users/aag/code/gcc-arm-none-eabi-7-2018-q2-update/bin/../lib/gcc/arm-none-eabi/7.3.1/../../../../arm-none-eabi/lib/thumb/v6-m/libstdc++_nano.a(si_class_type_info.o)
__cxxabiv1::__si_class_type_info::__do_find_public_src(int, void const*, __cxxabiv1::__class_type_info const*, void const*) const /home/users/aag/code/gcc-arm-none-eabi-7-2018-q2-update/bin/../lib/gcc/arm-none-eabi/7.3.1/../../../../arm-none-eabi/lib/thumb/v6-m/libstdc++_nano.a(si_class_type_info.o)
__cxxabiv1::__si_class_type_info::__do_upcast(__cxxabiv1::__class_type_info const*, void const*, __cxxabiv1::__class_type_info::__upcast_result&) const /home/users/aag/code/gcc-arm-none-eabi-7-2018-q2-update/bin/../lib/gcc/arm-none-eabi/7.3.1/../../../../arm-none-eabi/lib/thumb/v6-m/libstdc++_nano.a(si_class_type_info.o)
__cxxabiv1::__si_class_type_info::~__si_class_type_info() /home/users/aag/code/gcc-arm-none-eabi-7-2018-q2-update/bin/../lib/gcc/arm-none-eabi/7.3.1/../../../../arm-none-eabi/lib/thumb/v6-m/libstdc++_nano.a(si_class_type_info.o)
__cxxabiv1::__si_class_type_info::~__si_class_type_info() /home/users/aag/code/gcc-arm-none-eabi-7-2018-q2-update/bin/../lib/gcc/arm-none-eabi/7.3.1/../../../../arm-none-eabi/lib/thumb/v6-m/libstdc++_nano.a(si_class_type_info.o)
__cxxabiv1::__si_class_type_info::~__si_class_type_info() /home/users/aag/code/gcc-arm-none-eabi-7-2018-q2-update/bin/../lib/gcc/arm-none-eabi/7.3.1/../../../../arm-none-eabi/lib/thumb/v6-m/libstdc++_nano.a(si_class_type_info.o)
__cxxabiv1::__terminate(void (*)())               /home/users/aag/code/gcc-arm-none-eabi-7-2018-q2-update/bin/../lib/gcc/arm-none-eabi/7.3.1/../../../../arm-none-eabi/lib/thumb/v6-m/libstdc++_nano.a(eh_terminate.o)
__cxxabiv1::__terminate_handler                   /home/users/aag/code/gcc-arm-none-eabi-7-2018-q2-update/bin/../lib/gcc/arm-none-eabi/7.3.1/../../../../arm-none-eabi/lib/thumb/v6-m/libstdc++_nano.a(eh_term_handler.o)
                                                  /home/users/aag/code/gcc-arm-none-eabi-7-2018-q2-update/bin/../lib/gcc/arm-none-eabi/7.3.1/../../../../arm-none-eabi/lib/thumb/v6-m/libstdc++_nano.a(eh_terminate.o)
__cxxabiv1::__unexpected(void (*)())              /home/users/aag/code/gcc-arm-none-eabi-7-2018-q2-update/bin/../lib/gcc/arm-none-eabi/7.3.1/../../../../arm-none-eabi/lib/thumb/v6-m/libstdc++_nano.a(eh_terminate.o)
__cxxabiv1::__unexpected_handler                  /home/users/aag/code/gcc-arm-none-eabi-7-2018-q2-update/bin/../lib/gcc/arm-none-eabi/7.3.1/../../../../arm-none-eabi/lib/thumb/v6-m/libstdc++_nano.a(eh_unex_handler.o)
                                                  /home/users/aag/code/gcc-arm-none-eabi-7-2018-q2-update/bin/../lib/gcc/arm-none-eabi/7.3.1/../../../../arm-none-eabi/lib/thumb/v6-m/libstdc++_nano.a(eh_terminate.o)
__deregister_frame_info                           /home/users/aag/code/gcc-arm-none-eabi-7-2018-q2-update/bin/../lib/gcc/arm-none-eabi/7.3.1/thumb/v6-m/crtbegin.o
__divsi3                                          /home/users/aag/code/gcc-arm-none-eabi-7-2018-q2-update/bin/../lib/gcc/arm-none-eabi/7.3.1/thumb/v6-m/libgcc.a(_divsi3.o)
__dso_handle                                      /home/users/aag/code/gcc-arm-none-eabi-7-2018-q2-update/bin/../lib/gcc/arm-none-eabi/7.3.1/thumb/v6-m/crtbegin.o
__gnu_thumb1_case_uqi                             /home/users/aag/code/gcc-arm-none-eabi-7-2018-q2-update/bin/../lib/gcc/arm-none-eabi/7.3.1/thumb/v6-m/libgcc.a(_thumb1_case_uqi.o)
                                                  build/main.o
__init_array_end                                  /home/users/aag/code/gcc-arm-none-eabi-7-2018-q2-update/bin/../lib/gcc/arm-none-eabi/7.3.1/../../../../arm-none-eabi/lib/thumb/v6-m/libc_nano.a(lib_a-init.o)
__init_array_start                                /home/users/aag/code/gcc-arm-none-eabi-7-2018-q2-update/bin/../lib/gcc/arm-none-eabi/7.3.1/../../../../arm-none-eabi/lib/thumb/v6-m/libc_nano.a(lib_a-init.o)
__libc_fini_array                                 /home/users/aag/code/gcc-arm-none-eabi-7-2018-q2-update/bin/../lib/gcc/arm-none-eabi/7.3.1/../../../../arm-none-eabi/lib/thumb/v6-m/crt0.o
__libc_init_array                                 /home/users/aag/code/gcc-arm-none-eabi-7-2018-q2-update/bin/../lib/gcc/arm-none-eabi/7.3.1/../../../../arm-none-eabi/lib/thumb/v6-m/libc_nano.a(lib_a-init.o)
                                                  build/startup_stm32f030x6.o
                                                  /home/users/aag/code/gcc-arm-none-eabi-7-2018-q2-update/bin/../lib/gcc/arm-none-eabi/7.3.1/../../../../arm-none-eabi/lib/thumb/v6-m/crt0.o
__malloc_free_list                                /home/users/aag/code/gcc-arm-none-eabi-7-2018-q2-update/bin/../lib/gcc/arm-none-eabi/7.3.1/../../../../arm-none-eabi/lib/thumb/v6-m/libc_nano.a(lib_a-nano-mallocr.o)
                                                  /home/users/aag/code/gcc-arm-none-eabi-7-2018-q2-update/bin/../lib/gcc/arm-none-eabi/7.3.1/../../../../arm-none-eabi/lib/thumb/v6-m/libc_nano.a(lib_a-nano-freer.o)
__malloc_lock                                     /home/users/aag/code/gcc-arm-none-eabi-7-2018-q2-update/bin/../lib/gcc/arm-none-eabi/7.3.1/../../../../arm-none-eabi/lib/thumb/v6-m/libc_nano.a(lib_a-mlock.o)
                                                  /home/users/aag/code/gcc-arm-none-eabi-7-2018-q2-update/bin/../lib/gcc/arm-none-eabi/7.3.1/../../../../arm-none-eabi/lib/thumb/v6-m/libc_nano.a(lib_a-nano-mallocr.o)
                                                  /home/users/aag/code/gcc-arm-none-eabi-7-2018-q2-update/bin/../lib/gcc/arm-none-eabi/7.3.1/../../../../arm-none-eabi/lib/thumb/v6-m/libc_nano.a(lib_a-nano-freer.o)
__malloc_sbrk_start                               /home/users/aag/code/gcc-arm-none-eabi-7-2018-q2-update/bin/../lib/gcc/arm-none-eabi/7.3.1/../../../../arm-none-eabi/lib/thumb/v6-m/libc_nano.a(lib_a-nano-mallocr.o)
__malloc_unlock                                   /home/users/aag/code/gcc-arm-none-eabi-7-2018-q2-update/bin/../lib/gcc/arm-none-eabi/7.3.1/../../../../arm-none-eabi/lib/thumb/v6-m/libc_nano.a(lib_a-mlock.o)
                                                  /home/users/aag/code/gcc-arm-none-eabi-7-2018-q2-update/bin/../lib/gcc/arm-none-eabi/7.3.1/../../../../arm-none-eabi/lib/thumb/v6-m/libc_nano.a(lib_a-nano-mallocr.o)
                                                  /home/users/aag/code/gcc-arm-none-eabi-7-2018-q2-update/bin/../lib/gcc/arm-none-eabi/7.3.1/../../../../arm-none-eabi/lib/thumb/v6-m/libc_nano.a(lib_a-nano-freer.o)
__preinit_array_end                               /home/users/aag/code/gcc-arm-none-eabi-7-2018-q2-update/bin/../lib/gcc/arm-none-eabi/7.3.1/../../../../arm-none-eabi/lib/thumb/v6-m/libc_nano.a(lib_a-init.o)
__preinit_array_start                             /home/users/aag/code/gcc-arm-none-eabi-7-2018-q2-update/bin/../lib/gcc/arm-none-eabi/7.3.1/../../../../arm-none-eabi/lib/thumb/v6-m/libc_nano.a(lib_a-init.o)
__register_frame_info                             /home/users/aag/code/gcc-arm-none-eabi-7-2018-q2-update/bin/../lib/gcc/arm-none-eabi/7.3.1/thumb/v6-m/crtbegin.o
__sf_fake_stderr                                  /home/users/aag/code/gcc-arm-none-eabi-7-2018-q2-update/bin/../lib/gcc/arm-none-eabi/7.3.1/../../../../arm-none-eabi/lib/thumb/v6-m/libc_nano.a(lib_a-impure.o)
__sf_fake_stdin                                   /home/users/aag/code/gcc-arm-none-eabi-7-2018-q2-update/bin/../lib/gcc/arm-none-eabi/7.3.1/../../../../arm-none-eabi/lib/thumb/v6-m/libc_nano.a(lib_a-impure.o)
__sf_fake_stdout                                  /home/users/aag/code/gcc-arm-none-eabi-7-2018-q2-update/bin/../lib/gcc/arm-none-eabi/7.3.1/../../../../arm-none-eabi/lib/thumb/v6-m/libc_nano.a(lib_a-impure.o)
__sigtramp                                        /home/users/aag/code/gcc-arm-none-eabi-7-2018-q2-update/bin/../lib/gcc/arm-none-eabi/7.3.1/../../../../arm-none-eabi/lib/thumb/v6-m/libc_nano.a(lib_a-signal.o)
__sigtramp_r                                      /home/users/aag/code/gcc-arm-none-eabi-7-2018-q2-update/bin/../lib/gcc/arm-none-eabi/7.3.1/../../../../arm-none-eabi/lib/thumb/v6-m/libc_nano.a(lib_a-signal.o)
__stack                                           /home/users/aag/code/gcc-arm-none-eabi-7-2018-q2-update/bin/../lib/gcc/arm-none-eabi/7.3.1/../../../../arm-none-eabi/lib/thumb/v6-m/crt0.o
__udivsi3                                         /home/users/aag/code/gcc-arm-none-eabi-7-2018-q2-update/bin/../lib/gcc/arm-none-eabi/7.3.1/thumb/v6-m/libgcc.a(_udivsi3.o)
_ebss                                             build/startup_stm32f030x6.o
_edata                                            build/startup_stm32f030x6.o
_estack                                           build/startup_stm32f030x6.o
_exit                                             /home/users/aag/code/gcc-arm-none-eabi-7-2018-q2-update/bin/../lib/gcc/arm-none-eabi/7.3.1/../../../../arm-none-eabi/lib/thumb/v6-m/libnosys.a(_exit.o)
                                                  /home/users/aag/code/gcc-arm-none-eabi-7-2018-q2-update/bin/../lib/gcc/arm-none-eabi/7.3.1/../../../../arm-none-eabi/lib/thumb/v6-m/libc_nano.a(lib_a-exit.o)
                                                  /home/users/aag/code/gcc-arm-none-eabi-7-2018-q2-update/bin/../lib/gcc/arm-none-eabi/7.3.1/../../../../arm-none-eabi/lib/thumb/v6-m/libc_nano.a(lib_a-abort.o)
_fini                                             /home/users/aag/code/gcc-arm-none-eabi-7-2018-q2-update/bin/../lib/gcc/arm-none-eabi/7.3.1/thumb/v6-m/crti.o
_free_r                                           /home/users/aag/code/gcc-arm-none-eabi-7-2018-q2-update/bin/../lib/gcc/arm-none-eabi/7.3.1/../../../../arm-none-eabi/lib/thumb/v6-m/libc_nano.a(lib_a-nano-freer.o)
                                                  /home/users/aag/code/gcc-arm-none-eabi-7-2018-q2-update/bin/../lib/gcc/arm-none-eabi/7.3.1/../../../../arm-none-eabi/lib/thumb/v6-m/libc_nano.a(lib_a-reent.o)
                                                  /home/users/aag/code/gcc-arm-none-eabi-7-2018-q2-update/bin/../lib/gcc/arm-none-eabi/7.3.1/../../../../arm-none-eabi/lib/thumb/v6-m/libc_nano.a(lib_a-malloc.o)
_getpid                                           /home/users/aag/code/gcc-arm-none-eabi-7-2018-q2-update/bin/../lib/gcc/arm-none-eabi/7.3.1/../../../../arm-none-eabi/lib/thumb/v6-m/libnosys.a(getpid.o)
                                                  /home/users/aag/code/gcc-arm-none-eabi-7-2018-q2-update/bin/../lib/gcc/arm-none-eabi/7.3.1/../../../../arm-none-eabi/lib/thumb/v6-m/libc_nano.a(lib_a-signalr.o)
_getpid_r                                         /home/users/aag/code/gcc-arm-none-eabi-7-2018-q2-update/bin/../lib/gcc/arm-none-eabi/7.3.1/../../../../arm-none-eabi/lib/thumb/v6-m/libc_nano.a(lib_a-signalr.o)
                                                  /home/users/aag/code/gcc-arm-none-eabi-7-2018-q2-update/bin/../lib/gcc/arm-none-eabi/7.3.1/../../../../arm-none-eabi/lib/thumb/v6-m/libc_nano.a(lib_a-signal.o)
_global_impure_ptr                                /home/users/aag/code/gcc-arm-none-eabi-7-2018-q2-update/bin/../lib/gcc/arm-none-eabi/7.3.1/../../../../arm-none-eabi/lib/thumb/v6-m/libc_nano.a(lib_a-impure.o)
                                                  /home/users/aag/code/gcc-arm-none-eabi-7-2018-q2-update/bin/../lib/gcc/arm-none-eabi/7.3.1/../../../../arm-none-eabi/lib/thumb/v6-m/libc_nano.a(lib_a-exit.o)
_impure_ptr                                       /home/users/aag/code/gcc-arm-none-eabi-7-2018-q2-update/bin/../lib/gcc/arm-none-eabi/7.3.1/../../../../arm-none-eabi/lib/thumb/v6-m/libc_nano.a(lib_a-impure.o)
                                                  /home/users/aag/code/gcc-arm-none-eabi-7-2018-q2-update/bin/../lib/gcc/arm-none-eabi/7.3.1/../../../../arm-none-eabi/lib/thumb/v6-m/libc_nano.a(lib_a-reent.o)
                                                  /home/users/aag/code/gcc-arm-none-eabi-7-2018-q2-update/bin/../lib/gcc/arm-none-eabi/7.3.1/../../../../arm-none-eabi/lib/thumb/v6-m/libc_nano.a(lib_a-signal.o)
                                                  /home/users/aag/code/gcc-arm-none-eabi-7-2018-q2-update/bin/../lib/gcc/arm-none-eabi/7.3.1/../../../../arm-none-eabi/lib/thumb/v6-m/libc_nano.a(lib_a-malloc.o)
_init                                             /home/users/aag/code/gcc-arm-none-eabi-7-2018-q2-update/bin/../lib/gcc/arm-none-eabi/7.3.1/thumb/v6-m/crti.o
                                                  /home/users/aag/code/gcc-arm-none-eabi-7-2018-q2-update/bin/../lib/gcc/arm-none-eabi/7.3.1/../../../../arm-none-eabi/lib/thumb/v6-m/libc_nano.a(lib_a-init.o)
_init_signal                                      /home/users/aag/code/gcc-arm-none-eabi-7-2018-q2-update/bin/../lib/gcc/arm-none-eabi/7.3.1/../../../../arm-none-eabi/lib/thumb/v6-m/libc_nano.a(lib_a-signal.o)
_init_signal_r                                    /home/users/aag/code/gcc-arm-none-eabi-7-2018-q2-update/bin/../lib/gcc/arm-none-eabi/7.3.1/../../../../arm-none-eabi/lib/thumb/v6-m/libc_nano.a(lib_a-signal.o)
_kill                                             /home/users/aag/code/gcc-arm-none-eabi-7-2018-q2-update/bin/../lib/gcc/arm-none-eabi/7.3.1/../../../../arm-none-eabi/lib/thumb/v6-m/libnosys.a(kill.o)
                                                  /home/users/aag/code/gcc-arm-none-eabi-7-2018-q2-update/bin/../lib/gcc/arm-none-eabi/7.3.1/../../../../arm-none-eabi/lib/thumb/v6-m/libc_nano.a(lib_a-signalr.o)
_kill_r                                           /home/users/aag/code/gcc-arm-none-eabi-7-2018-q2-update/bin/../lib/gcc/arm-none-eabi/7.3.1/../../../../arm-none-eabi/lib/thumb/v6-m/libc_nano.a(lib_a-signalr.o)
                                                  /home/users/aag/code/gcc-arm-none-eabi-7-2018-q2-update/bin/../lib/gcc/arm-none-eabi/7.3.1/../../../../arm-none-eabi/lib/thumb/v6-m/libc_nano.a(lib_a-signal.o)
_mainCRTStartup                                   /home/users/aag/code/gcc-arm-none-eabi-7-2018-q2-update/bin/../lib/gcc/arm-none-eabi/7.3.1/../../../../arm-none-eabi/lib/thumb/v6-m/crt0.o
_malloc_r                                         /home/users/aag/code/gcc-arm-none-eabi-7-2018-q2-update/bin/../lib/gcc/arm-none-eabi/7.3.1/../../../../arm-none-eabi/lib/thumb/v6-m/libc_nano.a(lib_a-nano-mallocr.o)
                                                  /home/users/aag/code/gcc-arm-none-eabi-7-2018-q2-update/bin/../lib/gcc/arm-none-eabi/7.3.1/../../../../arm-none-eabi/lib/thumb/v6-m/libc_nano.a(lib_a-signal.o)
                                                  /home/users/aag/code/gcc-arm-none-eabi-7-2018-q2-update/bin/../lib/gcc/arm-none-eabi/7.3.1/../../../../arm-none-eabi/lib/thumb/v6-m/libc_nano.a(lib_a-malloc.o)
_raise_r                                          /home/users/aag/code/gcc-arm-none-eabi-7-2018-q2-update/bin/../lib/gcc/arm-none-eabi/7.3.1/../../../../arm-none-eabi/lib/thumb/v6-m/libc_nano.a(lib_a-signal.o)
_reclaim_reent                                    /home/users/aag/code/gcc-arm-none-eabi-7-2018-q2-update/bin/../lib/gcc/arm-none-eabi/7.3.1/../../../../arm-none-eabi/lib/thumb/v6-m/libc_nano.a(lib_a-reent.o)
_sbrk                                             /home/users/aag/code/gcc-arm-none-eabi-7-2018-q2-update/bin/../lib/gcc/arm-none-eabi/7.3.1/../../../../arm-none-eabi/lib/thumb/v6-m/libnosys.a(sbrk.o)
                                                  /home/users/aag/code/gcc-arm-none-eabi-7-2018-q2-update/bin/../lib/gcc/arm-none-eabi/7.3.1/../../../../arm-none-eabi/lib/thumb/v6-m/libc_nano.a(lib_a-sbrkr.o)
_sbrk_r                                           /home/users/aag/code/gcc-arm-none-eabi-7-2018-q2-update/bin/../lib/gcc/arm-none-eabi/7.3.1/../../../../arm-none-eabi/lib/thumb/v6-m/libc_nano.a(lib_a-sbrkr.o)
                                                  /home/users/aag/code/gcc-arm-none-eabi-7-2018-q2-update/bin/../lib/gcc/arm-none-eabi/7.3.1/../../../../arm-none-eabi/lib/thumb/v6-m/libc_nano.a(lib_a-nano-mallocr.o)
_sbss                                             build/startup_stm32f030x6.o
_sdata                                            build/startup_stm32f030x6.o
_sidata                                           build/startup_stm32f030x6.o
_signal_r                                         /home/users/aag/code/gcc-arm-none-eabi-7-2018-q2-update/bin/../lib/gcc/arm-none-eabi/7.3.1/../../../../arm-none-eabi/lib/thumb/v6-m/libc_nano.a(lib_a-signal.o)
_start                                            /home/users/aag/code/gcc-arm-none-eabi-7-2018-q2-update/bin/../lib/gcc/arm-none-eabi/7.3.1/../../../../arm-none-eabi/lib/thumb/v6-m/crt0.o
abort                                             /home/users/aag/code/gcc-arm-none-eabi-7-2018-q2-update/bin/../lib/gcc/arm-none-eabi/7.3.1/../../../../arm-none-eabi/lib/thumb/v6-m/libc_nano.a(lib_a-abort.o)
                                                  /home/users/aag/code/gcc-arm-none-eabi-7-2018-q2-update/bin/../lib/gcc/arm-none-eabi/7.3.1/../../../../arm-none-eabi/lib/thumb/v6-m/libstdc++_nano.a(eh_term_handler.o)
                                                  /home/users/aag/code/gcc-arm-none-eabi-7-2018-q2-update/bin/../lib/gcc/arm-none-eabi/7.3.1/../../../../arm-none-eabi/lib/thumb/v6-m/libstdc++_nano.a(eh_terminate.o)
                                                  /home/users/aag/code/gcc-arm-none-eabi-7-2018-q2-update/bin/../lib/gcc/arm-none-eabi/7.3.1/../../../../arm-none-eabi/lib/thumb/v6-m/libstdc++_nano.a(functional.o)
                                                  /home/users/aag/code/gcc-arm-none-eabi-7-2018-q2-update/bin/../lib/gcc/arm-none-eabi/7.3.1/../../../../arm-none-eabi/lib/thumb/v6-m/libstdc++_nano.a(new_op.o)
atexit                                            /home/users/aag/code/gcc-arm-none-eabi-7-2018-q2-update/bin/../lib/gcc/arm-none-eabi/7.3.1/../../../../arm-none-eabi/lib/thumb/v6-m/crt0.o
auto CRC16<unsigned char*>(unsigned char*, unsigned char*) build/main.o
auto& UART_sized<255u>::make<(mcu::Periph)6, mcu::Pin_<(mcu::Periph)1, 9>, mcu::Pin_<(mcu::Periph)1, 10>, mcu::Pin_<(mcu::Periph)1, 8> >() build/main.o
cleanup_glue                                      /home/users/aag/code/gcc-arm-none-eabi-7-2018-q2-update/bin/../lib/gcc/arm-none-eabi/7.3.1/../../../../arm-none-eabi/lib/thumb/v6-m/libc_nano.a(lib_a-reent.o)
end                                               /home/users/aag/code/gcc-arm-none-eabi-7-2018-q2-update/bin/../lib/gcc/arm-none-eabi/7.3.1/../../../../arm-none-eabi/lib/thumb/v6-m/libnosys.a(sbrk.o)
errno                                             /home/users/aag/code/gcc-arm-none-eabi-7-2018-q2-update/bin/../lib/gcc/arm-none-eabi/7.3.1/../../../../arm-none-eabi/lib/thumb/v6-m/libc_nano.a(lib_a-reent.o)
                                                  /home/users/aag/code/gcc-arm-none-eabi-7-2018-q2-update/bin/../lib/gcc/arm-none-eabi/7.3.1/../../../../arm-none-eabi/lib/thumb/v6-m/libnosys.a(kill.o)
                                                  /home/users/aag/code/gcc-arm-none-eabi-7-2018-q2-update/bin/../lib/gcc/arm-none-eabi/7.3.1/../../../../arm-none-eabi/lib/thumb/v6-m/libnosys.a(getpid.o)
                                                  /home/users/aag/code/gcc-arm-none-eabi-7-2018-q2-update/bin/../lib/gcc/arm-none-eabi/7.3.1/../../../../arm-none-eabi/lib/thumb/v6-m/libc_nano.a(lib_a-signalr.o)
                                                  /home/users/aag/code/gcc-arm-none-eabi-7-2018-q2-update/bin/../lib/gcc/arm-none-eabi/7.3.1/../../../../arm-none-eabi/lib/thumb/v6-m/libc_nano.a(lib_a-sbrkr.o)
exit                                              /home/users/aag/code/gcc-arm-none-eabi-7-2018-q2-update/bin/../lib/gcc/arm-none-eabi/7.3.1/../../../../arm-none-eabi/lib/thumb/v6-m/libc_nano.a(lib_a-exit.o)
                                                  /home/users/aag/code/gcc-arm-none-eabi-7-2018-q2-update/bin/../lib/gcc/arm-none-eabi/7.3.1/../../../../arm-none-eabi/lib/thumb/v6-m/crt0.o
free                                              /home/users/aag/code/gcc-arm-none-eabi-7-2018-q2-update/bin/../lib/gcc/arm-none-eabi/7.3.1/../../../../arm-none-eabi/lib/thumb/v6-m/libc_nano.a(lib_a-malloc.o)
                                                  /home/users/aag/code/gcc-arm-none-eabi-7-2018-q2-update/bin/../lib/gcc/arm-none-eabi/7.3.1/../../../../arm-none-eabi/lib/thumb/v6-m/libstdc++_nano.a(del_op.o)
g_pfnVectors                                      build/startup_stm32f030x6.o
guard variable for Pin::make<mcu::Pin_<(mcu::Periph)1, 10>, (mcu::PinMode)4>()::pin build/main.o
guard variable for Pin::make<mcu::Pin_<(mcu::Periph)1, 15>, (mcu::PinMode)1>()::pin build/main.o
guard variable for Pin::make<mcu::Pin_<(mcu::Periph)1, 5>, (mcu::PinMode)1>()::pin build/main.o
guard variable for Pin::make<mcu::Pin_<(mcu::Periph)1, 6>, (mcu::PinMode)1>()::pin build/main.o
guard variable for Pin::make<mcu::Pin_<(mcu::Periph)1, 7>, (mcu::PinMode)1>()::pin build/main.o
guard variable for Pin::make<mcu::Pin_<(mcu::Periph)1, 8>, (mcu::PinMode)0>()::pin build/main.o
guard variable for Pin::make<mcu::Pin_<(mcu::Periph)1, 8>, (mcu::PinMode)1>()::pin build/main.o
guard variable for Pin::make<mcu::Pin_<(mcu::Periph)1, 9>, (mcu::PinMode)0>()::pin build/main.o
guard variable for Pin::make<mcu::Pin_<(mcu::Periph)1, 9>, (mcu::PinMode)4>()::pin build/main.o
guard variable for Pin::make<mcu::Pin_<(mcu::Periph)2, 0>, (mcu::PinMode)1>()::pin build/main.o
guard variable for Pin::make<mcu::Pin_<(mcu::Periph)2, 10>, (mcu::PinMode)0>()::pin build/main.o
guard variable for Pin::make<mcu::Pin_<(mcu::Periph)2, 11>, (mcu::PinMode)0>()::pin build/main.o
guard variable for Pin::make<mcu::Pin_<(mcu::Periph)2, 12>, (mcu::PinMode)0>()::pin build/main.o
guard variable for Pin::make<mcu::Pin_<(mcu::Periph)2, 13>, (mcu::PinMode)0>()::pin build/main.o
guard variable for Pin::make<mcu::Pin_<(mcu::Periph)2, 14>, (mcu::PinMode)0>()::pin build/main.o
guard variable for Pin::make<mcu::Pin_<(mcu::Periph)2, 15>, (mcu::PinMode)0>()::pin build/main.o
guard variable for Pin::make<mcu::Pin_<(mcu::Periph)2, 1>, (mcu::PinMode)0>()::pin build/main.o
guard variable for Pin::make<mcu::Pin_<(mcu::Periph)2, 2>, (mcu::PinMode)0>()::pin build/main.o
guard variable for Pin::make<mcu::Pin_<(mcu::Periph)2, 3>, (mcu::PinMode)1>()::pin build/main.o
guard variable for Pin::make<mcu::Pin_<(mcu::Periph)2, 4>, (mcu::PinMode)1>()::pin build/main.o
guard variable for Pin::make<mcu::Pin_<(mcu::Periph)2, 5>, (mcu::PinMode)1>()::pin build/main.o
guard variable for UART_sized<255u>::make<(mcu::Periph)6, mcu::Pin_<(mcu::Periph)1, 9>, mcu::Pin_<(mcu::Periph)1, 10>, mcu::Pin_<(mcu::Periph)1, 8> >()::uart build/main.o
hardware_init_hook                                /home/users/aag/code/gcc-arm-none-eabi-7-2018-q2-update/bin/../lib/gcc/arm-none-eabi/7.3.1/../../../../arm-none-eabi/lib/thumb/v6-m/crt0.o
init_clock                                        build/main.o
                                                  build/startup_stm32f030x6.o
interrupt_DMA1_channel1                           build/main.o
interrupt_DMA1_channel2                           build/main.o
interrupt_DMA1_channel3                           build/main.o
interrupt_DMA1_channel4                           build/main.o
interrupt_DMA1_channel5                           build/main.o
interrupt_usart1                                  build/main.o
main                                              build/main.o
                                                  build/startup_stm32f030x6.o
                                                  /home/users/aag/code/gcc-arm-none-eabi-7-2018-q2-update/bin/../lib/gcc/arm-none-eabi/7.3.1/../../../../arm-none-eabi/lib/thumb/v6-m/crt0.o
malloc                                            /home/users/aag/code/gcc-arm-none-eabi-7-2018-q2-update/bin/../lib/gcc/arm-none-eabi/7.3.1/../../../../arm-none-eabi/lib/thumb/v6-m/libc_nano.a(lib_a-malloc.o)
                                                  /home/users/aag/code/gcc-arm-none-eabi-7-2018-q2-update/bin/../lib/gcc/arm-none-eabi/7.3.1/../../../../arm-none-eabi/lib/thumb/v6-m/libstdc++_nano.a(new_op.o)
mcu::DMA::clear_interrupt_flags(mcu::DMA::Channel) build/main.o
mcu::DMA::is_transfer_complete_interrupt(mcu::DMA::Channel) build/main.o
mcu::FLASH::unlock()                              build/main.o
mcu::USART::set(mcu::USART::Baudrate, mcu::Periph) build/main.o
memset                                            /home/users/aag/code/gcc-arm-none-eabi-7-2018-q2-update/bin/../lib/gcc/arm-none-eabi/7.3.1/../../../../arm-none-eabi/lib/thumb/v6-m/libc_nano.a(lib_a-memset.o)
                                                  build/main.o
                                                  /home/users/aag/code/gcc-arm-none-eabi-7-2018-q2-update/bin/../lib/gcc/arm-none-eabi/7.3.1/../../../../arm-none-eabi/lib/thumb/v6-m/crt0.o
meta::tuple_generate_impl<Pin&, std::_Make_integer_sequence<unsigned int, 10, std::_Build_index_tuple<10>::__type>::__type>::type make_pins<(mcu::PinMode)0, mcu::Pin_<(mcu::Periph)1, 9>, mcu::Pin_<(mcu::Periph)1, 8>, mcu::Pin_<(mcu::Periph)2, 15>, mcu::Pin_<(mcu::Periph)2, 14>, mcu::Pin_<(mcu::Periph)2, 13>, mcu::Pin_<(mcu::Periph)2, 12>, mcu::Pin_<(mcu::Periph)2, 11>, mcu::Pin_<(mcu::Periph)2, 10>, mcu::Pin_<(mcu::Periph)2, 2>, mcu::Pin_<(mcu::Periph)2, 1> >() build/main.o
meta::tuple_generate_impl<Pin&, std::_Make_integer_sequence<unsigned int, 8, std::_Build_index_tuple<8>::__type>::__type>::type make_pins<(mcu::PinMode)1, mcu::Pin_<(mcu::Periph)2, 0>, mcu::Pin_<(mcu::Periph)1, 7>, mcu::Pin_<(mcu::Periph)1, 6>, mcu::Pin_<(mcu::Periph)1, 5>, mcu::Pin_<(mcu::Periph)2, 5>, mcu::Pin_<(mcu::Periph)2, 4>, mcu::Pin_<(mcu::Periph)2, 3>, mcu::Pin_<(mcu::Periph)1, 15> >() build/main.o